../Libraries/ds1302/ds1302.c:6:6:ds1032_DATAOUT_init	32	static
../Libraries/ds1302/ds1302.c:20:6:ds1032_DATAINPUT_init	32	static
../Libraries/ds1302/ds1302.c:30:6:ds1302_write_onebyte	24	static
../Libraries/ds1302/ds1302.c:47:6:ds1302_wirte_rig	24	static
../Libraries/ds1302/ds1302.c:63:9:ds1302_read_rig	24	static
../Libraries/ds1302/ds1302.c:94:6:ds1032_init	96	static
../Libraries/ds1302/ds1302.c:142:6:ds1032_update	16	static
../Libraries/ds1302/ds1302.c:155:6:ds1032_read_time	8	static
../Libraries/ds1302/ds1302.c:165:6:ds1032_read_realTime	8	static
../Libraries/ds1302/ds1302.c:177:9:int_to_bcd	24	static
../Libraries/ds1302/ds1302.c:187:9:month_str_to_num	80	static
../Libraries/ds1302/ds1302.c:199:6:parse_date	32	static
../Libraries/ds1302/ds1302.c:217:6:parse_time	24	static
