<html>
<body>
<pre>
<h1>µVision Build Log</h1>
<h2>Project:</h2>
E:\DUAN\≤‚ ‘∞Ê&DEMO∞Â\GDE0213B1\GDE0213B1≥Ã–Ú æ¿˝\Project\mdk.uvproj
Project File Date:  03/02/2016

<h2>Output:</h2>
Build target 'GDE'
compiling main.c...
linking...
Program Size: Code=5920 RO-data=17676 RW-data=52 ZI-data=1636  
FromELF: creating hex file...
".\Debug\obj\mdk.axf" - 0 Error(s), 0 Warning(s).
Load "E:\\DUAN\\≤‚ ‘∞Ê&DEMO∞Â\\GDE0213B1\\GDE0213B1≥Ã–Ú æ¿˝\\Project\\Debug\\obj\\mdk.AXF" 
* JLink Info: Device "STM32F103C8" selected (64 KB flash, 20 KB RAM).
Set JLink Project File to "E:\DUAN\≤‚ ‘∞Ê&DEMO∞Â\GDE0213B1\GDE0213B1≥Ã–Ú æ¿˝\Project\JLinkSettings.ini"
 
JLink info:
------------
DLL: V4.35b, compiled Sep  2 2011 18:34:46
Firmware: J-Link V9 compiled Feb 20 2015 09:20:19
Hardware: V9.20
Feature(s) : GDB, RDI, FlashBP, FlashDL, JFlash 
 
* JLink Info: TotalIRLen = 9, IRPrint = 0x0011
* JLink Info: Found Cortex-M3 r1p1, Little endian.
* JLink Info: TPIU fitted.
* JLink Info:   FPUnit: 6 code (BP) slots and 2 literal slots
ROMTableAddr = 0xE00FF003
* JLink Info: TotalIRLen = 9, IRPrint = 0x0011
* JLink Info: Found Cortex-M3 r1p1, Little endian.
* JLink Info: TPIU fitted.
* JLink Info:   FPUnit: 6 code (BP) slots and 2 literal slots
 
Target info:
------------
Device: STM32F103C8
VTarget = 3.272V
State of Pins: 
TCK: 1, TDI: 0, TDO: 0, TMS: 0, TRES: 1, TRST: 1
Hardware-Breakpoints: 6
Software-Breakpoints: 8192
Watchpoints:          4
JTAG speed: 2000 kHz
 
Erase Done.
Programming Done.
Verify OK.
Build target 'GDE'
compiling main.c...
linking...
Program Size: Code=5920 RO-data=17676 RW-data=52 ZI-data=1636  
FromELF: creating hex file...
".\Debug\obj\mdk.axf" - 0 Error(s), 0 Warning(s).
Load "E:\\DUAN\\≤‚ ‘∞Ê&DEMO∞Â\\GDE0213B1\\GDE0213B1≥Ã–Ú æ¿˝\\Project\\Debug\\obj\\mdk.AXF" 
* JLink Info: Device "STM32F103C8" selected (64 KB flash, 20 KB RAM).
Set JLink Project File to "E:\DUAN\≤‚ ‘∞Ê&DEMO∞Â\GDE0213B1\GDE0213B1≥Ã–Ú æ¿˝\Project\JLinkSettings.ini"
 
JLink info:
------------
DLL: V4.35b, compiled Sep  2 2011 18:34:46
Firmware: J-Link V9 compiled Feb 20 2015 09:20:19
Hardware: V9.20
Feature(s) : GDB, RDI, FlashBP, FlashDL, JFlash 
 
* JLink Info: TotalIRLen = 9, IRPrint = 0x0011
* JLink Info: Found Cortex-M3 r1p1, Little endian.
* JLink Info: TPIU fitted.
* JLink Info:   FPUnit: 6 code (BP) slots and 2 literal slots
ROMTableAddr = 0xE00FF003
* JLink Info: TotalIRLen = 9, IRPrint = 0x0011
* JLink Info: Found Cortex-M3 r1p1, Little endian.
* JLink Info: TPIU fitted.
* JLink Info:   FPUnit: 6 code (BP) slots and 2 literal slots
 
Target info:
------------
Device: STM32F103C8
VTarget = 3.269V
State of Pins: 
TCK: 1, TDI: 0, TDO: 0, TMS: 0, TRES: 1, TRST: 1
Hardware-Breakpoints: 6
Software-Breakpoints: 8192
Watchpoints:          0
JTAG speed: 2000 kHz
 
Erase Done.
Programming Done.
Verify OK.
Build target 'GDE'
compiling main.c...
linking...
Program Size: Code=5920 RO-data=17676 RW-data=52 ZI-data=1636  
FromELF: creating hex file...
".\Debug\obj\mdk.axf" - 0 Error(s), 0 Warning(s).
Load "E:\\DUAN\\≤‚ ‘∞Ê&DEMO∞Â\\GDE0213B1\\GDE0213B1≥Ã–Ú æ¿˝\\Project\\Debug\\obj\\mdk.AXF" 
* JLink Info: Device "STM32F103C8" selected (64 KB flash, 20 KB RAM).
Set JLink Project File to "E:\DUAN\≤‚ ‘∞Ê&DEMO∞Â\GDE0213B1\GDE0213B1≥Ã–Ú æ¿˝\Project\JLinkSettings.ini"
 
JLink info:
------------
DLL: V4.35b, compiled Sep  2 2011 18:34:46
Firmware: J-Link V9 compiled Feb 20 2015 09:20:19
Hardware: V9.20
Feature(s) : GDB, RDI, FlashBP, FlashDL, JFlash 
 
* JLink Info: TotalIRLen = 9, IRPrint = 0x0011
* JLink Info: Found Cortex-M3 r1p1, Little endian.
* JLink Info: TPIU fitted.
* JLink Info:   FPUnit: 6 code (BP) slots and 2 literal slots
ROMTableAddr = 0xE00FF003
* JLink Info: TotalIRLen = 9, IRPrint = 0x0011
* JLink Info: Found Cortex-M3 r1p1, Little endian.
* JLink Info: TPIU fitted.
* JLink Info:   FPUnit: 6 code (BP) slots and 2 literal slots
 
Target info:
------------
Device: STM32F103C8
VTarget = 3.272V
State of Pins: 
TCK: 1, TDI: 0, TDO: 0, TMS: 0, TRES: 1, TRST: 1
Hardware-Breakpoints: 6
Software-Breakpoints: 8192
Watchpoints:          0
JTAG speed: 2000 kHz
 
Erase Done.
Programming Done.
Verify OK.
Build target 'GDE'
compiling main.c...
linking...
Program Size: Code=5920 RO-data=17676 RW-data=52 ZI-data=1636  
FromELF: creating hex file...
".\Debug\obj\mdk.axf" - 0 Error(s), 0 Warning(s).
Load "E:\\DUAN\\≤‚ ‘∞Ê&DEMO∞Â\\GDE0213B1\\GDE0213B1≥Ã–Ú æ¿˝\\Project\\Debug\\obj\\mdk.AXF" 
* JLink Info: Device "STM32F103C8" selected (64 KB flash, 20 KB RAM).
Set JLink Project File to "E:\DUAN\≤‚ ‘∞Ê&DEMO∞Â\GDE0213B1\GDE0213B1≥Ã–Ú æ¿˝\Project\JLinkSettings.ini"
 
JLink info:
------------
DLL: V4.35b, compiled Sep  2 2011 18:34:46
Firmware: J-Link V9 compiled Feb 20 2015 09:20:19
Hardware: V9.20
Feature(s) : GDB, RDI, FlashBP, FlashDL, JFlash 
 
* JLink Info: TotalIRLen = 9, IRPrint = 0x0011
* JLink Info: Found Cortex-M3 r1p1, Little endian.
* JLink Info: TPIU fitted.
* JLink Info:   FPUnit: 6 code (BP) slots and 2 literal slots
ROMTableAddr = 0xE00FF003
* JLink Info: TotalIRLen = 9, IRPrint = 0x0011
* JLink Info: Found Cortex-M3 r1p1, Little endian.
* JLink Info: TPIU fitted.
* JLink Info:   FPUnit: 6 code (BP) slots and 2 literal slots
 
Target info:
------------
Device: STM32F103C8
VTarget = 3.270V
State of Pins: 
TCK: 1, TDI: 0, TDO: 0, TMS: 0, TRES: 1, TRST: 1
Hardware-Breakpoints: 6
Software-Breakpoints: 8192
Watchpoints:          0
JTAG speed: 2000 kHz
 
Erase Done.
Programming Done.
Verify OK.
Build target 'GDE'
compiling main.c...
linking...
Program Size: Code=5920 RO-data=17676 RW-data=52 ZI-data=1636  
FromELF: creating hex file...
".\Debug\obj\mdk.axf" - 0 Error(s), 0 Warning(s).
Load "E:\\DUAN\\≤‚ ‘∞Ê&DEMO∞Â\\GDE0213B1\\GDE0213B1≥Ã–Ú æ¿˝\\Project\\Debug\\obj\\mdk.AXF" 
* JLink Info: Device "STM32F103C8" selected (64 KB flash, 20 KB RAM).
Set JLink Project File to "E:\DUAN\≤‚ ‘∞Ê&DEMO∞Â\GDE0213B1\GDE0213B1≥Ã–Ú æ¿˝\Project\JLinkSettings.ini"
 
JLink info:
------------
DLL: V4.35b, compiled Sep  2 2011 18:34:46
Firmware: J-Link V9 compiled Feb 20 2015 09:20:19
Hardware: V9.20
Feature(s) : GDB, RDI, FlashBP, FlashDL, JFlash 
 
* JLink Info: TotalIRLen = 9, IRPrint = 0x0011
* JLink Info: Found Cortex-M3 r1p1, Little endian.
* JLink Info: TPIU fitted.
* JLink Info:   FPUnit: 6 code (BP) slots and 2 literal slots
ROMTableAddr = 0xE00FF003
* JLink Info: TotalIRLen = 9, IRPrint = 0x0011
* JLink Info: Found Cortex-M3 r1p1, Little endian.
* JLink Info: TPIU fitted.
* JLink Info:   FPUnit: 6 code (BP) slots and 2 literal slots
 
Target info:
------------
Device: STM32F103C8
VTarget = 3.269V
State of Pins: 
TCK: 1, TDI: 0, TDO: 0, TMS: 0, TRES: 1, TRST: 1
Hardware-Breakpoints: 6
Software-Breakpoints: 8192
Watchpoints:          0
JTAG speed: 2000 kHz
 
Erase Done.
Programming Done.
Verify OK.
Build target 'GDE'
compiling main.c...
linking...
Program Size: Code=5920 RO-data=17676 RW-data=52 ZI-data=1636  
FromELF: creating hex file...
".\Debug\obj\mdk.axf" - 0 Error(s), 0 Warning(s).
Load "E:\\DUAN\\≤‚ ‘∞Ê&DEMO∞Â\\GDE0213B1\\GDE0213B1≥Ã–Ú æ¿˝\\Project\\Debug\\obj\\mdk.AXF" 
* JLink Info: Device "STM32F103C8" selected (64 KB flash, 20 KB RAM).
Set JLink Project File to "E:\DUAN\≤‚ ‘∞Ê&DEMO∞Â\GDE0213B1\GDE0213B1≥Ã–Ú æ¿˝\Project\JLinkSettings.ini"
 
JLink info:
------------
DLL: V4.35b, compiled Sep  2 2011 18:34:46
Firmware: J-Link V9 compiled Feb 20 2015 09:20:19
Hardware: V9.20
Feature(s) : GDB, RDI, FlashBP, FlashDL, JFlash 
 
* JLink Info: TotalIRLen = 9, IRPrint = 0x0011
* JLink Info: Found Cortex-M3 r1p1, Little endian.
* JLink Info: TPIU fitted.
* JLink Info:   FPUnit: 6 code (BP) slots and 2 literal slots
ROMTableAddr = 0xE00FF003
* JLink Info: TotalIRLen = 9, IRPrint = 0x0011
* JLink Info: Found Cortex-M3 r1p1, Little endian.
* JLink Info: TPIU fitted.
* JLink Info:   FPUnit: 6 code (BP) slots and 2 literal slots
 
Target info:
------------
Device: STM32F103C8
VTarget = 3.269V
State of Pins: 
TCK: 1, TDI: 0, TDO: 0, TMS: 0, TRES: 1, TRST: 1
Hardware-Breakpoints: 6
Software-Breakpoints: 8192
Watchpoints:          0
JTAG speed: 2000 kHz
 
Erase Done.
Programming Done.
Verify OK.
Build target 'GDE'
compiling main.c...
..\User\main.c(2106): error:  #165: too few arguments in function call
Target not created
Build target 'GDE'
compiling main.c...
..\User\main.c(2106): error:  #29: expected an expression
Target not created
Build target 'GDE'
compiling main.c...
linking...
Program Size: Code=5920 RO-data=17676 RW-data=52 ZI-data=1636  
FromELF: creating hex file...
".\Debug\obj\mdk.axf" - 0 Error(s), 0 Warning(s).
Load "E:\\DUAN\\≤‚ ‘∞Ê&DEMO∞Â\\GDE0213B1\\GDE0213B1≥Ã–Ú æ¿˝\\Project\\Debug\\obj\\mdk.AXF" 
* JLink Info: Device "STM32F103C8" selected (64 KB flash, 20 KB RAM).
Set JLink Project File to "E:\DUAN\≤‚ ‘∞Ê&DEMO∞Â\GDE0213B1\GDE0213B1≥Ã–Ú æ¿˝\Project\JLinkSettings.ini"
 
JLink info:
------------
DLL: V4.35b, compiled Sep  2 2011 18:34:46
Firmware: J-Link V9 compiled Feb 20 2015 09:20:19
Hardware: V9.20
Feature(s) : GDB, RDI, FlashBP, FlashDL, JFlash 
 
* JLink Info: TotalIRLen = 9, IRPrint = 0x0011
* JLink Info: Found Cortex-M3 r1p1, Little endian.
* JLink Info: TPIU fitted.
* JLink Info:   FPUnit: 6 code (BP) slots and 2 literal slots
ROMTableAddr = 0xE00FF003
* JLink Info: TotalIRLen = 9, IRPrint = 0x0011
* JLink Info: Found Cortex-M3 r1p1, Little endian.
* JLink Info: TPIU fitted.
* JLink Info:   FPUnit: 6 code (BP) slots and 2 literal slots
 
Target info:
------------
Device: STM32F103C8
VTarget = 3.269V
State of Pins: 
TCK: 1, TDI: 0, TDO: 0, TMS: 0, TRES: 1, TRST: 1
Hardware-Breakpoints: 6
Software-Breakpoints: 8192
Watchpoints:          0
JTAG speed: 2000 kHz
 
Erase Done.
Programming Done.
Verify OK.
Build target 'GDE'
compiling main.c...
linking...
Program Size: Code=5920 RO-data=17676 RW-data=52 ZI-data=1636  
FromELF: creating hex file...
".\Debug\obj\mdk.axf" - 0 Error(s), 0 Warning(s).
Load "E:\\DUAN\\≤‚ ‘∞Ê&DEMO∞Â\\GDE0213B1\\GDE0213B1≥Ã–Ú æ¿˝\\Project\\Debug\\obj\\mdk.AXF" 
* JLink Info: Device "STM32F103C8" selected (64 KB flash, 20 KB RAM).
Set JLink Project File to "E:\DUAN\≤‚ ‘∞Ê&DEMO∞Â\GDE0213B1\GDE0213B1≥Ã–Ú æ¿˝\Project\JLinkSettings.ini"
 
JLink info:
------------
DLL: V4.35b, compiled Sep  2 2011 18:34:46
Firmware: J-Link V9 compiled Feb 20 2015 09:20:19
Hardware: V9.20
Feature(s) : GDB, RDI, FlashBP, FlashDL, JFlash 
 
* JLink Info: TotalIRLen = 9, IRPrint = 0x0011
* JLink Info: Found Cortex-M3 r1p1, Little endian.
* JLink Info: TPIU fitted.
* JLink Info:   FPUnit: 6 code (BP) slots and 2 literal slots
ROMTableAddr = 0xE00FF003
* JLink Info: TotalIRLen = 9, IRPrint = 0x0011
* JLink Info: Found Cortex-M3 r1p1, Little endian.
* JLink Info: TPIU fitted.
* JLink Info:   FPUnit: 6 code (BP) slots and 2 literal slots
 
Target info:
------------
Device: STM32F103C8
VTarget = 3.269V
State of Pins: 
TCK: 1, TDI: 0, TDO: 0, TMS: 0, TRES: 1, TRST: 1
Hardware-Breakpoints: 6
Software-Breakpoints: 8192
Watchpoints:          0
JTAG speed: 2000 kHz
 
Erase Done.
Programming Done.
Verify OK.
Build target 'GDE'
compiling main.c...
linking...
Program Size: Code=5920 RO-data=17676 RW-data=52 ZI-data=1636  
FromELF: creating hex file...
".\Debug\obj\mdk.axf" - 0 Error(s), 0 Warning(s).
Load "E:\\DUAN\\≤‚ ‘∞Ê&DEMO∞Â\\GDE0213B1\\GDE0213B1≥Ã–Ú æ¿˝\\Project\\Debug\\obj\\mdk.AXF" 
* JLink Info: Device "STM32F103C8" selected (64 KB flash, 20 KB RAM).
Set JLink Project File to "E:\DUAN\≤‚ ‘∞Ê&DEMO∞Â\GDE0213B1\GDE0213B1≥Ã–Ú æ¿˝\Project\JLinkSettings.ini"
 
JLink info:
------------
DLL: V4.35b, compiled Sep  2 2011 18:34:46
Firmware: J-Link V9 compiled Feb 20 2015 09:20:19
Hardware: V9.20
Feature(s) : GDB, RDI, FlashBP, FlashDL, JFlash 
 
* JLink Info: TotalIRLen = 9, IRPrint = 0x0011
* JLink Info: Found Cortex-M3 r1p1, Little endian.
* JLink Info: TPIU fitted.
* JLink Info:   FPUnit: 6 code (BP) slots and 2 literal slots
ROMTableAddr = 0xE00FF003
* JLink Info: TotalIRLen = 9, IRPrint = 0x0011
* JLink Info: Found Cortex-M3 r1p1, Little endian.
* JLink Info: TPIU fitted.
* JLink Info:   FPUnit: 6 code (BP) slots and 2 literal slots
 
Target info:
------------
Device: STM32F103C8
VTarget = 3.270V
State of Pins: 
TCK: 1, TDI: 0, TDO: 0, TMS: 0, TRES: 1, TRST: 1
Hardware-Breakpoints: 6
Software-Breakpoints: 8192
Watchpoints:          0
JTAG speed: 2000 kHz
 
Erase Done.
Programming Done.
Verify OK.
Build target 'GDE'
compiling main.c...
linking...
Program Size: Code=5920 RO-data=17676 RW-data=52 ZI-data=1636  
FromELF: creating hex file...
".\Debug\obj\mdk.axf" - 0 Error(s), 0 Warning(s).
Load "E:\\DUAN\\≤‚ ‘∞Ê&DEMO∞Â\\GDE0213B1\\GDE0213B1≥Ã–Ú æ¿˝\\Project\\Debug\\obj\\mdk.AXF" 
* JLink Info: Device "STM32F103C8" selected (64 KB flash, 20 KB RAM).
Set JLink Project File to "E:\DUAN\≤‚ ‘∞Ê&DEMO∞Â\GDE0213B1\GDE0213B1≥Ã–Ú æ¿˝\Project\JLinkSettings.ini"
 
JLink info:
------------
DLL: V4.35b, compiled Sep  2 2011 18:34:46
Firmware: J-Link V9 compiled Feb 20 2015 09:20:19
Hardware: V9.20
Feature(s) : GDB, RDI, FlashBP, FlashDL, JFlash 
 
* JLink Info: TotalIRLen = 9, IRPrint = 0x0011
* JLink Info: Found Cortex-M3 r1p1, Little endian.
* JLink Info: TPIU fitted.
* JLink Info:   FPUnit: 6 code (BP) slots and 2 literal slots
ROMTableAddr = 0xE00FF003
* JLink Info: TotalIRLen = 9, IRPrint = 0x0011
* JLink Info: Found Cortex-M3 r1p1, Little endian.
* JLink Info: TPIU fitted.
* JLink Info:   FPUnit: 6 code (BP) slots and 2 literal slots
 
Target info:
------------
Device: STM32F103C8
VTarget = 3.270V
State of Pins: 
TCK: 1, TDI: 0, TDO: 0, TMS: 0, TRES: 1, TRST: 1
Hardware-Breakpoints: 6
Software-Breakpoints: 8192
Watchpoints:          0
JTAG speed: 2000 kHz
 
Erase Done.
Programming Done.
Verify OK.
Build target 'GDE'
compiling main.c...
linking...
Program Size: Code=5920 RO-data=17676 RW-data=52 ZI-data=1636  
FromELF: creating hex file...
".\Debug\obj\mdk.axf" - 0 Error(s), 0 Warning(s).
Load "E:\\DUAN\\≤‚ ‘∞Ê&DEMO∞Â\\GDE0213B1\\GDE0213B1≥Ã–Ú æ¿˝\\Project\\Debug\\obj\\mdk.AXF" 
* JLink Info: Device "STM32F103C8" selected (64 KB flash, 20 KB RAM).
Set JLink Project File to "E:\DUAN\≤‚ ‘∞Ê&DEMO∞Â\GDE0213B1\GDE0213B1≥Ã–Ú æ¿˝\Project\JLinkSettings.ini"
 
JLink info:
------------
DLL: V4.35b, compiled Sep  2 2011 18:34:46
Firmware: J-Link V9 compiled Feb 20 2015 09:20:19
Hardware: V9.20
Feature(s) : GDB, RDI, FlashBP, FlashDL, JFlash 
 
* JLink Info: TotalIRLen = 9, IRPrint = 0x0011
* JLink Info: Found Cortex-M3 r1p1, Little endian.
* JLink Info: TPIU fitted.
* JLink Info:   FPUnit: 6 code (BP) slots and 2 literal slots
ROMTableAddr = 0xE00FF003
* JLink Info: TotalIRLen = 9, IRPrint = 0x0011
* JLink Info: Found Cortex-M3 r1p1, Little endian.
* JLink Info: TPIU fitted.
* JLink Info:   FPUnit: 6 code (BP) slots and 2 literal slots
 
Target info:
------------
Device: STM32F103C8
VTarget = 3.269V
State of Pins: 
TCK: 1, TDI: 0, TDO: 0, TMS: 0, TRES: 1, TRST: 1
Hardware-Breakpoints: 6
Software-Breakpoints: 8192
Watchpoints:          0
JTAG speed: 2000 kHz
 
Erase Done.
Programming Done.
Verify OK.
Build target 'GDE'
compiling main.c...
linking...
Program Size: Code=5920 RO-data=17676 RW-data=52 ZI-data=1636  
FromELF: creating hex file...
".\Debug\obj\mdk.axf" - 0 Error(s), 0 Warning(s).
Load "E:\\DUAN\\≤‚ ‘∞Ê&DEMO∞Â\\GDE0213B1\\GDE0213B1≥Ã–Ú æ¿˝\\Project\\Debug\\obj\\mdk.AXF" 
* JLink Info: Device "STM32F103C8" selected (64 KB flash, 20 KB RAM).
Set JLink Project File to "E:\DUAN\≤‚ ‘∞Ê&DEMO∞Â\GDE0213B1\GDE0213B1≥Ã–Ú æ¿˝\Project\JLinkSettings.ini"
 
JLink info:
------------
DLL: V4.35b, compiled Sep  2 2011 18:34:46
Firmware: J-Link V9 compiled Feb 20 2015 09:20:19
Hardware: V9.20
Feature(s) : GDB, RDI, FlashBP, FlashDL, JFlash 
 
* JLink Info: TotalIRLen = 9, IRPrint = 0x0011
* JLink Info: Found Cortex-M3 r1p1, Little endian.
* JLink Info: TPIU fitted.
* JLink Info:   FPUnit: 6 code (BP) slots and 2 literal slots
ROMTableAddr = 0xE00FF003
* JLink Info: TotalIRLen = 9, IRPrint = 0x0011
* JLink Info: Found Cortex-M3 r1p1, Little endian.
* JLink Info: TPIU fitted.
* JLink Info:   FPUnit: 6 code (BP) slots and 2 literal slots
 
Target info:
------------
Device: STM32F103C8
VTarget = 3.272V
State of Pins: 
TCK: 1, TDI: 0, TDO: 0, TMS: 0, TRES: 1, TRST: 1
Hardware-Breakpoints: 6
Software-Breakpoints: 8192
Watchpoints:          0
JTAG speed: 2000 kHz
 
Erase Done.
Programming Done.
Verify OK.
Build target 'GDE'
compiling main.c...
linking...
Program Size: Code=5920 RO-data=17676 RW-data=52 ZI-data=1636  
FromELF: creating hex file...
".\Debug\obj\mdk.axf" - 0 Error(s), 0 Warning(s).
Load "E:\\DUAN\\≤‚ ‘∞Ê&DEMO∞Â\\GDE0213B1\\GDE0213B1≥Ã–Ú æ¿˝\\Project\\Debug\\obj\\mdk.AXF" 
* JLink Info: Device "STM32F103C8" selected (64 KB flash, 20 KB RAM).
Set JLink Project File to "E:\DUAN\≤‚ ‘∞Ê&DEMO∞Â\GDE0213B1\GDE0213B1≥Ã–Ú æ¿˝\Project\JLinkSettings.ini"
 
JLink info:
------------
DLL: V4.35b, compiled Sep  2 2011 18:34:46
Firmware: J-Link V9 compiled Feb 20 2015 09:20:19
Hardware: V9.20
Feature(s) : GDB, RDI, FlashBP, FlashDL, JFlash 
 
* JLink Info: TotalIRLen = 9, IRPrint = 0x0011
* JLink Info: Found Cortex-M3 r1p1, Little endian.
* JLink Info: TPIU fitted.
* JLink Info:   FPUnit: 6 code (BP) slots and 2 literal slots
ROMTableAddr = 0xE00FF003
* JLink Info: TotalIRLen = 9, IRPrint = 0x0011
* JLink Info: Found Cortex-M3 r1p1, Little endian.
* JLink Info: TPIU fitted.
* JLink Info:   FPUnit: 6 code (BP) slots and 2 literal slots
 
Target info:
------------
Device: STM32F103C8
VTarget = 3.270V
State of Pins: 
TCK: 1, TDI: 0, TDO: 0, TMS: 0, TRES: 1, TRST: 1
Hardware-Breakpoints: 6
Software-Breakpoints: 8192
Watchpoints:          0
JTAG speed: 2000 kHz
 
Erase Done.
Programming Done.
Verify OK.
Build target 'GDE'
compiling main.c...
linking...
Program Size: Code=5920 RO-data=17676 RW-data=52 ZI-data=1636  
FromELF: creating hex file...
".\Debug\obj\mdk.axf" - 0 Error(s), 0 Warning(s).
Load "E:\\DUAN\\≤‚ ‘∞Ê&DEMO∞Â\\GDE0213B1\\GDE0213B1≥Ã–Ú æ¿˝\\Project\\Debug\\obj\\mdk.AXF" 
* JLink Info: Device "STM32F103C8" selected (64 KB flash, 20 KB RAM).
Set JLink Project File to "E:\DUAN\≤‚ ‘∞Ê&DEMO∞Â\GDE0213B1\GDE0213B1≥Ã–Ú æ¿˝\Project\JLinkSettings.ini"
 
JLink info:
------------
DLL: V4.35b, compiled Sep  2 2011 18:34:46
Firmware: J-Link V9 compiled Feb 20 2015 09:20:19
Hardware: V9.20
Feature(s) : GDB, RDI, FlashBP, FlashDL, JFlash 
 
* JLink Info: TotalIRLen = 9, IRPrint = 0x0011
* JLink Info: Found Cortex-M3 r1p1, Little endian.
* JLink Info: TPIU fitted.
* JLink Info:   FPUnit: 6 code (BP) slots and 2 literal slots
ROMTableAddr = 0xE00FF003
* JLink Info: TotalIRLen = 9, IRPrint = 0x0011
* JLink Info: Found Cortex-M3 r1p1, Little endian.
* JLink Info: TPIU fitted.
* JLink Info:   FPUnit: 6 code (BP) slots and 2 literal slots
 
Target info:
------------
Device: STM32F103C8
VTarget = 3.270V
State of Pins: 
TCK: 1, TDI: 0, TDO: 0, TMS: 0, TRES: 1, TRST: 1
Hardware-Breakpoints: 6
Software-Breakpoints: 8192
Watchpoints:          0
JTAG speed: 2000 kHz
 
Erase Done.
Programming Done.
Verify OK.
Build target 'GDE'
compiling main.c...
linking...
Program Size: Code=5920 RO-data=17676 RW-data=52 ZI-data=1636  
FromELF: creating hex file...
".\Debug\obj\mdk.axf" - 0 Error(s), 0 Warning(s).
Load "E:\\DUAN\\≤‚ ‘∞Ê&DEMO∞Â\\GDE0213B1\\GDE0213B1≥Ã–Ú æ¿˝\\Project\\Debug\\obj\\mdk.AXF" 
* JLink Info: Device "STM32F103C8" selected (64 KB flash, 20 KB RAM).
Set JLink Project File to "E:\DUAN\≤‚ ‘∞Ê&DEMO∞Â\GDE0213B1\GDE0213B1≥Ã–Ú æ¿˝\Project\JLinkSettings.ini"
 
JLink info:
------------
DLL: V4.35b, compiled Sep  2 2011 18:34:46
Firmware: J-Link V9 compiled Feb 20 2015 09:20:19
Hardware: V9.20
Feature(s) : GDB, RDI, FlashBP, FlashDL, JFlash 
 
* JLink Info: TotalIRLen = 9, IRPrint = 0x0011
* JLink Info: Found Cortex-M3 r1p1, Little endian.
* JLink Info: TPIU fitted.
* JLink Info:   FPUnit: 6 code (BP) slots and 2 literal slots
ROMTableAddr = 0xE00FF003
* JLink Info: TotalIRLen = 9, IRPrint = 0x0011
* JLink Info: Found Cortex-M3 r1p1, Little endian.
* JLink Info: TPIU fitted.
* JLink Info:   FPUnit: 6 code (BP) slots and 2 literal slots
 
Target info:
------------
Device: STM32F103C8
VTarget = 3.270V
State of Pins: 
TCK: 1, TDI: 0, TDO: 0, TMS: 0, TRES: 1, TRST: 1
Hardware-Breakpoints: 6
Software-Breakpoints: 8192
Watchpoints:          0
JTAG speed: 2000 kHz
 
Erase Done.
Programming Done.
Verify OK.
Build target 'GDE'
compiling main.c...
linking...
Program Size: Code=5920 RO-data=17676 RW-data=52 ZI-data=1636  
FromELF: creating hex file...
".\Debug\obj\mdk.axf" - 0 Error(s), 0 Warning(s).
Load "E:\\DUAN\\≤‚ ‘∞Ê&DEMO∞Â\\GDE0213B1\\GDE0213B1≥Ã–Ú æ¿˝\\Project\\Debug\\obj\\mdk.AXF" 
* JLink Info: Device "STM32F103C8" selected (64 KB flash, 20 KB RAM).
Set JLink Project File to "E:\DUAN\≤‚ ‘∞Ê&DEMO∞Â\GDE0213B1\GDE0213B1≥Ã–Ú æ¿˝\Project\JLinkSettings.ini"
 
JLink info:
------------
DLL: V4.35b, compiled Sep  2 2011 18:34:46
Firmware: J-Link V9 compiled Feb 20 2015 09:20:19
Hardware: V9.20
Feature(s) : GDB, RDI, FlashBP, FlashDL, JFlash 
 
* JLink Info: TotalIRLen = 9, IRPrint = 0x0011
* JLink Info: Found Cortex-M3 r1p1, Little endian.
* JLink Info: TPIU fitted.
* JLink Info:   FPUnit: 6 code (BP) slots and 2 literal slots
ROMTableAddr = 0xE00FF003
* JLink Info: TotalIRLen = 9, IRPrint = 0x0011
* JLink Info: Found Cortex-M3 r1p1, Little endian.
* JLink Info: TPIU fitted.
* JLink Info:   FPUnit: 6 code (BP) slots and 2 literal slots
 
Target info:
------------
Device: STM32F103C8
VTarget = 3.272V
State of Pins: 
TCK: 1, TDI: 0, TDO: 0, TMS: 0, TRES: 1, TRST: 1
Hardware-Breakpoints: 6
Software-Breakpoints: 8192
Watchpoints:          0
JTAG speed: 2000 kHz
 
Erase Done.
Programming Done.
Verify OK.
Build target 'GDE'
compiling main.c...
..\User\main.c(2106): error:  #20: identifier "b" is undefined
Target not created
Build target 'GDE'
compiling main.c...
..\User\main.c(2066): warning:  #550-D: variable "b" was set but never used
linking...
Program Size: Code=5924 RO-data=17676 RW-data=52 ZI-data=1636  
FromELF: creating hex file...
".\Debug\obj\mdk.axf" - 0 Error(s), 1 Warning(s).
Build target 'GDE'
linking...
Program Size: Code=5924 RO-data=17676 RW-data=52 ZI-data=1636  
FromELF: creating hex file...
".\Debug\obj\mdk.axf" - 0 Error(s), 0 Warning(s).
Load "E:\\DUAN\\≤‚ ‘∞Ê&DEMO∞Â\\GDE0213B1\\GDE0213B1≥Ã–Ú æ¿˝\\Project\\Debug\\obj\\mdk.AXF" 
* JLink Info: Device "STM32F103C8" selected (64 KB flash, 20 KB RAM).
Set JLink Project File to "E:\DUAN\≤‚ ‘∞Ê&DEMO∞Â\GDE0213B1\GDE0213B1≥Ã–Ú æ¿˝\Project\JLinkSettings.ini"
 
JLink info:
------------
DLL: V4.35b, compiled Sep  2 2011 18:34:46
Firmware: J-Link V9 compiled Feb 20 2015 09:20:19
Hardware: V9.20
Feature(s) : GDB, RDI, FlashBP, FlashDL, JFlash 
 
* JLink Info: TotalIRLen = 9, IRPrint = 0x0011
* JLink Info: Found Cortex-M3 r1p1, Little endian.
* JLink Info: TPIU fitted.
* JLink Info:   FPUnit: 6 code (BP) slots and 2 literal slots
ROMTableAddr = 0xE00FF003
* JLink Info: TotalIRLen = 9, IRPrint = 0x0011
* JLink Info: Found Cortex-M3 r1p1, Little endian.
* JLink Info: TPIU fitted.
* JLink Info:   FPUnit: 6 code (BP) slots and 2 literal slots
 
Target info:
------------
Device: STM32F103C8
VTarget = 3.272V
State of Pins: 
TCK: 1, TDI: 0, TDO: 0, TMS: 0, TRES: 1, TRST: 1
Hardware-Breakpoints: 6
Software-Breakpoints: 8192
Watchpoints:          0
JTAG speed: 2000 kHz
 
Erase Done.
Programming Done.
Verify OK.
Build target 'GDE'
compiling main.c...
..\User\main.c(2107): error:  #20: identifier "n" is undefined
..\User\main.c(2108): error:  #65: expected a ";"
Target not created
Build target 'GDE'
compiling main.c...
..\User\main.c(2107): error:  #20: identifier "n" is undefined
Target not created
Build target 'GDE'
compiling main.c...
..\User\main.c(2066): warning:  #550-D: variable "n" was set but never used
linking...
Program Size: Code=5924 RO-data=17676 RW-data=52 ZI-data=1636  
FromELF: creating hex file...
".\Debug\obj\mdk.axf" - 0 Error(s), 1 Warning(s).
Build target 'GDE'
compiling main.c...
..\User\main.c(2066): warning:  #177-D: variable "n" was declared but never referenced
linking...
Program Size: Code=5936 RO-data=17676 RW-data=52 ZI-data=1636  
FromELF: creating hex file...
".\Debug\obj\mdk.axf" - 0 Error(s), 1 Warning(s).
Build target 'GDE'
compiling main.c...
linking...
Program Size: Code=5936 RO-data=17676 RW-data=52 ZI-data=1636  
FromELF: creating hex file...
".\Debug\obj\mdk.axf" - 0 Error(s), 0 Warning(s).
Load "E:\\DUAN\\≤‚ ‘∞Ê&DEMO∞Â\\GDE0213B1\\GDE0213B1≥Ã–Ú æ¿˝\\Project\\Debug\\obj\\mdk.AXF" 
* JLink Info: Device "STM32F103C8" selected (64 KB flash, 20 KB RAM).
Set JLink Project File to "E:\DUAN\≤‚ ‘∞Ê&DEMO∞Â\GDE0213B1\GDE0213B1≥Ã–Ú æ¿˝\Project\JLinkSettings.ini"
 
JLink info:
------------
DLL: V4.35b, compiled Sep  2 2011 18:34:46
Firmware: J-Link V9 compiled Feb 20 2015 09:20:19
Hardware: V9.20
Feature(s) : GDB, RDI, FlashBP, FlashDL, JFlash 
 
* JLink Info: TotalIRLen = 9, IRPrint = 0x0011
* JLink Info: Found Cortex-M3 r1p1, Little endian.
* JLink Info: TPIU fitted.
* JLink Info:   FPUnit: 6 code (BP) slots and 2 literal slots
ROMTableAddr = 0xE00FF003
* JLink Info: TotalIRLen = 9, IRPrint = 0x0011
* JLink Info: Found Cortex-M3 r1p1, Little endian.
* JLink Info: TPIU fitted.
* JLink Info:   FPUnit: 6 code (BP) slots and 2 literal slots
 
Target info:
------------
Device: STM32F103C8
VTarget = 3.270V
State of Pins: 
TCK: 1, TDI: 0, TDO: 0, TMS: 0, TRES: 1, TRST: 1
Hardware-Breakpoints: 6
Software-Breakpoints: 8192
Watchpoints:          0
JTAG speed: 2000 kHz
 
Erase Done.
Programming Done.
Verify OK.
Build target 'GDE'
compiling main.c...
linking...
Program Size: Code=5936 RO-data=17676 RW-data=52 ZI-data=1636  
FromELF: creating hex file...
".\Debug\obj\mdk.axf" - 0 Error(s), 0 Warning(s).
Load "E:\\DUAN\\≤‚ ‘∞Ê&DEMO∞Â\\GDE0213B1\\GDE0213B1≥Ã–Ú æ¿˝\\Project\\Debug\\obj\\mdk.AXF" 
* JLink Info: Device "STM32F103C8" selected (64 KB flash, 20 KB RAM).
Set JLink Project File to "E:\DUAN\≤‚ ‘∞Ê&DEMO∞Â\GDE0213B1\GDE0213B1≥Ã–Ú æ¿˝\Project\JLinkSettings.ini"
 
JLink info:
------------
DLL: V4.35b, compiled Sep  2 2011 18:34:46
Firmware: J-Link V9 compiled Feb 20 2015 09:20:19
Hardware: V9.20
Feature(s) : GDB, RDI, FlashBP, FlashDL, JFlash 
 
* JLink Info: TotalIRLen = 9, IRPrint = 0x0011
* JLink Info: Found Cortex-M3 r1p1, Little endian.
* JLink Info: TPIU fitted.
* JLink Info:   FPUnit: 6 code (BP) slots and 2 literal slots
ROMTableAddr = 0xE00FF003
* JLink Info: TotalIRLen = 9, IRPrint = 0x0011
* JLink Info: Found Cortex-M3 r1p1, Little endian.
* JLink Info: TPIU fitted.
* JLink Info:   FPUnit: 6 code (BP) slots and 2 literal slots
 
Target info:
------------
Device: STM32F103C8
VTarget = 3.270V
State of Pins: 
TCK: 1, TDI: 0, TDO: 0, TMS: 0, TRES: 1, TRST: 1
Hardware-Breakpoints: 6
Software-Breakpoints: 8192
Watchpoints:          0
JTAG speed: 2000 kHz
 
Erase Done.
Programming Done.
Verify OK.
Build target 'GDE'
compiling main.c...
compiling Display_EPD_W21.c...
linking...
Program Size: Code=5936 RO-data=17676 RW-data=52 ZI-data=1636  
FromELF: creating hex file...
".\Debug\obj\mdk.axf" - 0 Error(s), 0 Warning(s).
Load "E:\\DUAN\\≤‚ ‘∞Ê&DEMO∞Â\\GDE0213B1\\GDE0213B1≥Ã–Ú æ¿˝\\Project\\Debug\\obj\\mdk.AXF" 
* JLink Info: Device "STM32F103C8" selected (64 KB flash, 20 KB RAM).
Set JLink Project File to "E:\DUAN\≤‚ ‘∞Ê&DEMO∞Â\GDE0213B1\GDE0213B1≥Ã–Ú æ¿˝\Project\JLinkSettings.ini"
 
JLink info:
------------
DLL: V4.35b, compiled Sep  2 2011 18:34:46
Firmware: J-Link V9 compiled Feb 20 2015 09:20:19
Hardware: V9.20
Feature(s) : GDB, RDI, FlashBP, FlashDL, JFlash 
 
* JLink Info: TotalIRLen = 9, IRPrint = 0x0011
* JLink Info: Found Cortex-M3 r1p1, Little endian.
* JLink Info: TPIU fitted.
* JLink Info:   FPUnit: 6 code (BP) slots and 2 literal slots
ROMTableAddr = 0xE00FF003
* JLink Info: TotalIRLen = 9, IRPrint = 0x0011
* JLink Info: Found Cortex-M3 r1p1, Little endian.
* JLink Info: TPIU fitted.
* JLink Info:   FPUnit: 6 code (BP) slots and 2 literal slots
 
Target info:
------------
Device: STM32F103C8
VTarget = 3.272V
State of Pins: 
TCK: 1, TDI: 0, TDO: 0, TMS: 0, TRES: 1, TRST: 1
Hardware-Breakpoints: 6
Software-Breakpoints: 8192
Watchpoints:          0
JTAG speed: 2000 kHz
 
Erase Done.
Programming Done.
Verify OK.
Build target 'GDE'
compiling main.c...
compiling Display_EPD_W21.c...
linking...
Program Size: Code=5928 RO-data=17676 RW-data=52 ZI-data=1636  
FromELF: creating hex file...
".\Debug\obj\mdk.axf" - 0 Error(s), 0 Warning(s).
Load "E:\\DUAN\\≤‚ ‘∞Ê&DEMO∞Â\\GDE0213B1\\GDE0213B1≥Ã–Ú æ¿˝\\Project\\Debug\\obj\\mdk.AXF" 
* JLink Info: Device "STM32F103C8" selected (64 KB flash, 20 KB RAM).
Set JLink Project File to "E:\DUAN\≤‚ ‘∞Ê&DEMO∞Â\GDE0213B1\GDE0213B1≥Ã–Ú æ¿˝\Project\JLinkSettings.ini"
 
JLink info:
------------
DLL: V4.35b, compiled Sep  2 2011 18:34:46
Firmware: J-Link V9 compiled Feb 20 2015 09:20:19
Hardware: V9.20
Feature(s) : GDB, RDI, FlashBP, FlashDL, JFlash 
 
* JLink Info: TotalIRLen = 9, IRPrint = 0x0011
* JLink Info: Found Cortex-M3 r1p1, Little endian.
* JLink Info: TPIU fitted.
* JLink Info:   FPUnit: 6 code (BP) slots and 2 literal slots
ROMTableAddr = 0xE00FF003
* JLink Info: TotalIRLen = 9, IRPrint = 0x0011
* JLink Info: Found Cortex-M3 r1p1, Little endian.
* JLink Info: TPIU fitted.
* JLink Info:   FPUnit: 6 code (BP) slots and 2 literal slots
 
Target info:
------------
Device: STM32F103C8
VTarget = 3.272V
State of Pins: 
TCK: 1, TDI: 0, TDO: 0, TMS: 0, TRES: 1, TRST: 1
Hardware-Breakpoints: 6
Software-Breakpoints: 8192
Watchpoints:          0
JTAG speed: 2000 kHz
 
Erase Done.
Programming Done.
Verify OK.
Build target 'GDE'
compiling Display_EPD_W21.c...
linking...
Program Size: Code=5928 RO-data=17676 RW-data=52 ZI-data=1636  
FromELF: creating hex file...
".\Debug\obj\mdk.axf" - 0 Error(s), 0 Warning(s).
Load "E:\\DUAN\\≤‚ ‘∞Ê&DEMO∞Â\\GDE0213B1\\GDE0213B1≥Ã–Ú æ¿˝\\Project\\Debug\\obj\\mdk.AXF" 
* JLink Info: Device "STM32F103C8" selected (64 KB flash, 20 KB RAM).
Set JLink Project File to "E:\DUAN\≤‚ ‘∞Ê&DEMO∞Â\GDE0213B1\GDE0213B1≥Ã–Ú æ¿˝\Project\JLinkSettings.ini"
 
JLink info:
------------
DLL: V4.35b, compiled Sep  2 2011 18:34:46
Firmware: J-Link V9 compiled Feb 20 2015 09:20:19
Hardware: V9.20
Feature(s) : GDB, RDI, FlashBP, FlashDL, JFlash 
 
* JLink Info: TotalIRLen = 9, IRPrint = 0x0011
* JLink Info: Found Cortex-M3 r1p1, Little endian.
* JLink Info: TPIU fitted.
* JLink Info:   FPUnit: 6 code (BP) slots and 2 literal slots
ROMTableAddr = 0xE00FF003
* JLink Info: TotalIRLen = 9, IRPrint = 0x0011
* JLink Info: Found Cortex-M3 r1p1, Little endian.
* JLink Info: TPIU fitted.
* JLink Info:   FPUnit: 6 code (BP) slots and 2 literal slots
 
Target info:
------------
Device: STM32F103C8
VTarget = 3.272V
State of Pins: 
TCK: 1, TDI: 0, TDO: 0, TMS: 0, TRES: 1, TRST: 1
Hardware-Breakpoints: 6
Software-Breakpoints: 8192
Watchpoints:          0
JTAG speed: 2000 kHz
 
Erase Done.
Programming Done.
Verify OK.
Build target 'GDE'
compiling main.c...
compiling Display_EPD_W21.c...
linking...
Program Size: Code=5924 RO-data=17676 RW-data=52 ZI-data=1636  
FromELF: creating hex file...
".\Debug\obj\mdk.axf" - 0 Error(s), 0 Warning(s).
Load "E:\\DUAN\\≤‚ ‘∞Ê&DEMO∞Â\\GDE0213B1\\GDE0213B1≥Ã–Ú æ¿˝\\Project\\Debug\\obj\\mdk.AXF" 
* JLink Info: Device "STM32F103C8" selected (64 KB flash, 20 KB RAM).
Set JLink Project File to "E:\DUAN\≤‚ ‘∞Ê&DEMO∞Â\GDE0213B1\GDE0213B1≥Ã–Ú æ¿˝\Project\JLinkSettings.ini"
 
JLink info:
------------
DLL: V4.35b, compiled Sep  2 2011 18:34:46
Firmware: J-Link V9 compiled Feb 20 2015 09:20:19
Hardware: V9.20
Feature(s) : GDB, RDI, FlashBP, FlashDL, JFlash 
 
* JLink Info: TotalIRLen = 9, IRPrint = 0x0011
* JLink Info: Found Cortex-M3 r1p1, Little endian.
* JLink Info: TPIU fitted.
* JLink Info:   FPUnit: 6 code (BP) slots and 2 literal slots
ROMTableAddr = 0xE00FF003
* JLink Info: TotalIRLen = 9, IRPrint = 0x0011
* JLink Info: Found Cortex-M3 r1p1, Little endian.
* JLink Info: TPIU fitted.
* JLink Info:   FPUnit: 6 code (BP) slots and 2 literal slots
 
Target info:
------------
Device: STM32F103C8
VTarget = 3.270V
State of Pins: 
TCK: 1, TDI: 0, TDO: 0, TMS: 0, TRES: 1, TRST: 1
Hardware-Breakpoints: 6
Software-Breakpoints: 8192
Watchpoints:          0
JTAG speed: 2000 kHz
 
Erase Done.
Programming Done.
Verify OK.
Build target 'GDE'
compiling main.c...
compiling Display_EPD_W21.c...
linking...
Program Size: Code=6068 RO-data=17676 RW-data=52 ZI-data=1636  
FromELF: creating hex file...
".\Debug\obj\mdk.axf" - 0 Error(s), 0 Warning(s).
Load "E:\\DUAN\\≤‚ ‘∞Ê&DEMO∞Â\\GDE0213B1\\GDE0213B1≥Ã–Ú æ¿˝\\Project\\Debug\\obj\\mdk.AXF" 
* JLink Info: Device "STM32F103C8" selected (64 KB flash, 20 KB RAM).
Set JLink Project File to "E:\DUAN\≤‚ ‘∞Ê&DEMO∞Â\GDE0213B1\GDE0213B1≥Ã–Ú æ¿˝\Project\JLinkSettings.ini"
 
JLink info:
------------
DLL: V4.35b, compiled Sep  2 2011 18:34:46
Firmware: J-Link V9 compiled Feb 20 2015 09:20:19
Hardware: V9.20
Feature(s) : GDB, RDI, FlashBP, FlashDL, JFlash 
 
* JLink Info: TotalIRLen = 9, IRPrint = 0x0011
* JLink Info: Found Cortex-M3 r1p1, Little endian.
* JLink Info: TPIU fitted.
* JLink Info:   FPUnit: 6 code (BP) slots and 2 literal slots
ROMTableAddr = 0xE00FF003
* JLink Info: TotalIRLen = 9, IRPrint = 0x0011
* JLink Info: Found Cortex-M3 r1p1, Little endian.
* JLink Info: TPIU fitted.
* JLink Info:   FPUnit: 6 code (BP) slots and 2 literal slots
 
Target info:
------------
Device: STM32F103C8
VTarget = 3.272V
State of Pins: 
TCK: 1, TDI: 0, TDO: 0, TMS: 0, TRES: 1, TRST: 1
Hardware-Breakpoints: 6
Software-Breakpoints: 8192
Watchpoints:          0
JTAG speed: 2000 kHz
 
Erase Done.
Programming Done.
Verify OK.
Build target 'GDE'
compiling Display_EPD_W21.c...
linking...
Program Size: Code=6068 RO-data=17676 RW-data=52 ZI-data=1636  
FromELF: creating hex file...
".\Debug\obj\mdk.axf" - 0 Error(s), 0 Warning(s).
Load "E:\\DUAN\\≤‚ ‘∞Ê&DEMO∞Â\\GDE0213B1\\GDE0213B1≥Ã–Ú æ¿˝\\Project\\Debug\\obj\\mdk.AXF" 
* JLink Info: Device "STM32F103C8" selected (64 KB flash, 20 KB RAM).
Set JLink Project File to "E:\DUAN\≤‚ ‘∞Ê&DEMO∞Â\GDE0213B1\GDE0213B1≥Ã–Ú æ¿˝\Project\JLinkSettings.ini"
 
JLink info:
------------
DLL: V4.35b, compiled Sep  2 2011 18:34:46
Firmware: J-Link V9 compiled Feb 20 2015 09:20:19
Hardware: V9.20
Feature(s) : GDB, RDI, FlashBP, FlashDL, JFlash 
 
* JLink Info: TotalIRLen = 9, IRPrint = 0x0011
* JLink Info: Found Cortex-M3 r1p1, Little endian.
* JLink Info: TPIU fitted.
* JLink Info:   FPUnit: 6 code (BP) slots and 2 literal slots
ROMTableAddr = 0xE00FF003
* JLink Info: TotalIRLen = 9, IRPrint = 0x0011
* JLink Info: Found Cortex-M3 r1p1, Little endian.
* JLink Info: TPIU fitted.
* JLink Info:   FPUnit: 6 code (BP) slots and 2 literal slots
 
Target info:
------------
Device: STM32F103C8
VTarget = 3.270V
State of Pins: 
TCK: 1, TDI: 0, TDO: 0, TMS: 0, TRES: 1, TRST: 1
Hardware-Breakpoints: 6
Software-Breakpoints: 8192
Watchpoints:          0
JTAG speed: 2000 kHz
 
Erase Done.
Programming Done.
Verify OK.
Build target 'GDE'
compiling main.c...
linking...
Program Size: Code=6144 RO-data=17676 RW-data=52 ZI-data=1636  
FromELF: creating hex file...
".\Debug\obj\mdk.axf" - 0 Error(s), 0 Warning(s).
Load "E:\\DUAN\\≤‚ ‘∞Ê&DEMO∞Â\\GDE0213B1\\GDE0213B1≥Ã–Ú æ¿˝\\Project\\Debug\\obj\\mdk.AXF" 
* JLink Info: Device "STM32F103C8" selected (64 KB flash, 20 KB RAM).
Set JLink Project File to "E:\DUAN\≤‚ ‘∞Ê&DEMO∞Â\GDE0213B1\GDE0213B1≥Ã–Ú æ¿˝\Project\JLinkSettings.ini"
 
JLink info:
------------
DLL: V4.35b, compiled Sep  2 2011 18:34:46
Firmware: J-Link V9 compiled Feb 20 2015 09:20:19
Hardware: V9.20
Feature(s) : GDB, RDI, FlashBP, FlashDL, JFlash 
 
* JLink Info: TotalIRLen = 9, IRPrint = 0x0011
* JLink Info: Found Cortex-M3 r1p1, Little endian.
* JLink Info: TPIU fitted.
* JLink Info:   FPUnit: 6 code (BP) slots and 2 literal slots
ROMTableAddr = 0xE00FF003
* JLink Info: TotalIRLen = 9, IRPrint = 0x0011
* JLink Info: Found Cortex-M3 r1p1, Little endian.
* JLink Info: TPIU fitted.
* JLink Info:   FPUnit: 6 code (BP) slots and 2 literal slots
 
Target info:
------------
Device: STM32F103C8
VTarget = 3.272V
State of Pins: 
TCK: 1, TDI: 0, TDO: 0, TMS: 0, TRES: 1, TRST: 1
Hardware-Breakpoints: 6
Software-Breakpoints: 8192
Watchpoints:          0
JTAG speed: 2000 kHz
 
Erase Done.
Programming Done.
Verify OK.
Build target 'GDE'
compiling main.c...
compiling Display_EPD_W21_Aux.c...
linking...
Program Size: Code=6128 RO-data=17676 RW-data=52 ZI-data=1636  
FromELF: creating hex file...
".\Debug\obj\mdk.axf" - 0 Error(s), 0 Warning(s).
Load "E:\\DUAN\\≤‚ ‘∞Ê&DEMO∞Â\\GDE0213B1\\GDE0213B1≥Ã–Ú æ¿˝\\Project\\Debug\\obj\\mdk.AXF" 
* JLink Info: Device "STM32F103C8" selected (64 KB flash, 20 KB RAM).
Set JLink Project File to "E:\DUAN\≤‚ ‘∞Ê&DEMO∞Â\GDE0213B1\GDE0213B1≥Ã–Ú æ¿˝\Project\JLinkSettings.ini"
 
JLink info:
------------
DLL: V4.35b, compiled Sep  2 2011 18:34:46
Firmware: J-Link V9 compiled Feb 20 2015 09:20:19
Hardware: V9.20
Feature(s) : GDB, RDI, FlashBP, FlashDL, JFlash 
 
* JLink Info: TotalIRLen = 9, IRPrint = 0x0011
* JLink Info: Found Cortex-M3 r1p1, Little endian.
* JLink Info: TPIU fitted.
* JLink Info:   FPUnit: 6 code (BP) slots and 2 literal slots
ROMTableAddr = 0xE00FF003
* JLink Info: TotalIRLen = 9, IRPrint = 0x0011
* JLink Info: Found Cortex-M3 r1p1, Little endian.
* JLink Info: TPIU fitted.
* JLink Info:   FPUnit: 6 code (BP) slots and 2 literal slots
 
Target info:
------------
Device: STM32F103C8
VTarget = 3.272V
State of Pins: 
TCK: 1, TDI: 0, TDO: 0, TMS: 0, TRES: 1, TRST: 1
Hardware-Breakpoints: 6
Software-Breakpoints: 8192
Watchpoints:          0
JTAG speed: 2000 kHz
 
Erase Done.
Programming Done.
Verify OK.
Build target 'GDE'
compiling main.c...
linking...
Program Size: Code=6104 RO-data=17676 RW-data=52 ZI-data=1636  
FromELF: creating hex file...
".\Debug\obj\mdk.axf" - 0 Error(s), 0 Warning(s).
Load "E:\\DUAN\\≤‚ ‘∞Ê&DEMO∞Â\\GDE0213B1\\GDE0213B1≥Ã–Ú æ¿˝\\Project\\Debug\\obj\\mdk.AXF" 
* JLink Info: Device "STM32F103C8" selected (64 KB flash, 20 KB RAM).
Set JLink Project File to "E:\DUAN\≤‚ ‘∞Ê&DEMO∞Â\GDE0213B1\GDE0213B1≥Ã–Ú æ¿˝\Project\JLinkSettings.ini"
 
JLink info:
------------
DLL: V4.35b, compiled Sep  2 2011 18:34:46
Firmware: J-Link V9 compiled Feb 20 2015 09:20:19
Hardware: V9.20
Feature(s) : GDB, RDI, FlashBP, FlashDL, JFlash 
 
* JLink Info: TotalIRLen = 9, IRPrint = 0x0011
* JLink Info: Found Cortex-M3 r1p1, Little endian.
* JLink Info: TPIU fitted.
* JLink Info:   FPUnit: 6 code (BP) slots and 2 literal slots
ROMTableAddr = 0xE00FF003
* JLink Info: TotalIRLen = 9, IRPrint = 0x0011
* JLink Info: Found Cortex-M3 r1p1, Little endian.
* JLink Info: TPIU fitted.
* JLink Info:   FPUnit: 6 code (BP) slots and 2 literal slots
 
Target info:
------------
Device: STM32F103C8
VTarget = 3.272V
State of Pins: 
TCK: 1, TDI: 0, TDO: 0, TMS: 0, TRES: 1, TRST: 1
Hardware-Breakpoints: 6
Software-Breakpoints: 8192
Watchpoints:          0
JTAG speed: 2000 kHz
 
Erase Done.
Programming Done.
Verify OK.
Build target 'GDE'
compiling main.c...
linking...
Program Size: Code=6096 RO-data=17676 RW-data=52 ZI-data=1636  
FromELF: creating hex file...
".\Debug\obj\mdk.axf" - 0 Error(s), 0 Warning(s).
Load "E:\\DUAN\\≤‚ ‘∞Ê&DEMO∞Â\\GDE0213B1\\GDE0213B1≥Ã–Ú æ¿˝\\Project\\Debug\\obj\\mdk.AXF" 
* JLink Info: Device "STM32F103C8" selected (64 KB flash, 20 KB RAM).
Set JLink Project File to "E:\DUAN\≤‚ ‘∞Ê&DEMO∞Â\GDE0213B1\GDE0213B1≥Ã–Ú æ¿˝\Project\JLinkSettings.ini"
 
JLink info:
------------
DLL: V4.35b, compiled Sep  2 2011 18:34:46
Firmware: J-Link V9 compiled Feb 20 2015 09:20:19
Hardware: V9.20
Feature(s) : GDB, RDI, FlashBP, FlashDL, JFlash 
 
* JLink Info: TotalIRLen = 9, IRPrint = 0x0011
* JLink Info: Found Cortex-M3 r1p1, Little endian.
* JLink Info: TPIU fitted.
* JLink Info:   FPUnit: 6 code (BP) slots and 2 literal slots
ROMTableAddr = 0xE00FF003
* JLink Info: TotalIRLen = 9, IRPrint = 0x0011
* JLink Info: Found Cortex-M3 r1p1, Little endian.
* JLink Info: TPIU fitted.
* JLink Info:   FPUnit: 6 code (BP) slots and 2 literal slots
 
Target info:
------------
Device: STM32F103C8
VTarget = 3.270V
State of Pins: 
TCK: 1, TDI: 0, TDO: 0, TMS: 0, TRES: 1, TRST: 1
Hardware-Breakpoints: 6
Software-Breakpoints: 8192
Watchpoints:          0
JTAG speed: 2000 kHz
 
Erase Done.
Programming Done.
Verify OK.
