../Libraries/mytasks/task_run.c:14:6:run	8	static
../Libraries/mytasks/task_run.c:23:6:isLeapYear	16	static
../Libraries/mytasks/task_run.c:31:10:daysInMonth	16	static
../Libraries/mytasks/task_run.c:45:10:daysFromBase	24	static
../Libraries/mytasks/task_run.c:58:10:time_to_minutes	40	static
../Libraries/mytasks/task_run.c:81:5:date_diff	48	static
../Libraries/mytasks/task_run.c:102:5:time_diff_minutes	40	static
../Libraries/mytasks/task_run.c:112:6:update_time	4	static
../Libraries/mytasks/task_run.c:134:6:update_run	32	static
../Libraries/mytasks/task_run.c:279:6:init_run	40	static
