../Libraries/mytasks/task_run.c:14:6:run	8	static
../Libraries/mytasks/task_run.c:23:6:isLeapYear	16	static
../Libraries/mytasks/task_run.c:31:10:daysInMonth	16	static
../Libraries/mytasks/task_run.c:45:10:daysFromBase	24	static
../Libraries/mytasks/task_run.c:58:5:date_diff	48	static
../Libraries/mytasks/task_run.c:79:9:time_to_minutes	160	static
../Libraries/mytasks/task_run.c:102:9:time_diff_minutes	56	static
../Libraries/mytasks/task_run.c:118:6:update_time	4	static
../Libraries/mytasks/task_run.c:140:6:update_run	32	static
../Libraries/mytasks/task_run.c:285:6:init_run	40	static
