../Libraries/EPD_W21/EPAPER.c:2499:6:Epaper_Spi_WriteByte	24	static
../Libraries/EPD_W21/EPAPER.c:2518:6:Epaper_READBUSY	8	static
../Libraries/EPD_W21/EPAPER.c:2525:6:Epaper_Write_Command	16	static
../Libraries/EPD_W21/EPAPER.c:2534:6:Epaper_Write_Data	16	static
../Libraries/EPD_W21/EPAPER.c:2546:6:EPD_select_LUT	24	static
../Libraries/EPD_W21/EPAPER.c:2554:9:In2bytes_Out1byte_RAM1	24	static
../Libraries/EPD_W21/EPAPER.c:2584:9:In2bytes_Out1byte_RAM2	24	static
../Libraries/EPD_W21/EPAPER.c:2615:6:EPD_WhiteScreen_ALL_4GRAY	24	static
../Libraries/EPD_W21/EPAPER.c:2634:6:EPD_Update_4GRAY_and_DeepSleep	8	static
../Libraries/EPD_W21/EPAPER.c:2648:6:EPD_HW_Init	32	static
../Libraries/EPD_W21/EPAPER.c:2702:6:EPD_W21_Init	8	static
../Libraries/EPD_W21/EPAPER.c:2710:6:EPD_WhiteScreen_ALL	24	static
../Libraries/EPD_W21/EPAPER.c:2732:6:EPD_Dis_Part	56	static
../Libraries/EPD_W21/EPAPER.c:2846:6:EPD_WhiteScreen_Red	16	static
../Libraries/EPD_W21/EPAPER.c:2864:6:EPD_WhiteScreen_Black	16	static
../Libraries/EPD_W21/EPAPER.c:2882:6:EPD_WhiteScreen_White	16	static
../Libraries/EPD_W21/EPAPER.c:2900:6:EPD_Update_and_DeepSleep	8	static
../Libraries/EPD_W21/EPAPER.c:2914:6:EPD_Part_Update_and_DeepSleep	8	static
../Libraries/EPD_W21/EPAPER.c:2926:6:EPD_ALL_image	24	static
../Libraries/EPD_W21/EPAPER.c:2946:6:EPD_SetRAMValue_BaseMap	24	static
../Libraries/EPD_W21/EPAPER.c:2978:6:EPD_multiple_Part	64	static
../Libraries/EPD_W21/EPAPER.c:3054:6:EPD_Update_BaseMap	8	static
../Libraries/EPD_W21/EPAPER.c:3076:6:EPD_Dis_ascii	64	static
../Libraries/EPD_W21/EPAPER.c:3105:6:EPD_Dis_ascii_short	160	static
../Libraries/EPD_W21/EPAPER.c:3137:6:EPD_Dis_string	40	static
../Libraries/EPD_W21/EPAPER.c:3155:6:EPD_Dis_power	32	static
../Libraries/EPD_W21/EPAPER.c:3169:6:EPD_run_length_decode	56	static
