../Libraries/EPD_W21/EPAPER.c:959:6:Epaper_Spi_WriteByte	24	static
../Libraries/EPD_W21/EPAPER.c:978:6:Epaper_READBUSY	8	static
../Libraries/EPD_W21/EPAPER.c:985:6:Epaper_Write_Command	16	static
../Libraries/EPD_W21/EPAPER.c:994:6:Epaper_Write_Data	16	static
../Libraries/EPD_W21/EPAPER.c:1006:6:EPD_select_LUT	24	static
../Libraries/EPD_W21/EPAPER.c:1014:9:In2bytes_Out1byte_RAM1	24	static
../Libraries/EPD_W21/EPAPER.c:1044:9:In2bytes_Out1byte_RAM2	24	static
../Libraries/EPD_W21/EPAPER.c:1075:6:EPD_WhiteScreen_ALL_4GRAY	24	static
../Libraries/EPD_W21/EPAPER.c:1094:6:EPD_Update_4GRAY_and_DeepSleep	8	static
../Libraries/EPD_W21/EPAPER.c:1108:6:EPD_HW_Init	32	static
../Libraries/EPD_W21/EPAPER.c:1162:6:EPD_W21_Init	8	static
../Libraries/EPD_W21/EPAPER.c:1170:6:EPD_WhiteScreen_ALL	24	static
../Libraries/EPD_W21/EPAPER.c:1181:6:EPD_Update_and_DeepSleep	8	static
../Libraries/EPD_W21/EPAPER.c:1192:6:EPD_Part_Update_and_DeepSleep	8	static
../Libraries/EPD_W21/EPAPER.c:1203:6:EPD_SetRAMValue_BaseMap	24	static
../Libraries/EPD_W21/EPAPER.c:1229:6:EPD_Dis_Part	56	static
../Libraries/EPD_W21/EPAPER.c:1283:6:EPD_WhiteScreen_White	16	static
../Libraries/EPD_W21/EPAPER.c:1307:6:EPD_Dis_ascii	64	static
../Libraries/EPD_W21/EPAPER.c:1336:6:EPD_Dis_ascii_short	160	static
../Libraries/EPD_W21/EPAPER.c:1368:6:EPD_Dis_string	40	static
../Libraries/EPD_W21/EPAPER.c:1386:6:EPD_Dis_power	32	static
../Libraries/EPD_W21/EPAPER.c:1400:6:EPD_run_length_decode	56	static
