../Libraries/EPD_W21/EPAPER.c:2801:6:Epaper_Spi_WriteByte	24	static
../Libraries/EPD_W21/EPAPER.c:2820:6:Epaper_READBUSY	8	static
../Libraries/EPD_W21/EPAPER.c:2827:6:Epaper_Write_Command	16	static
../Libraries/EPD_W21/EPAPER.c:2836:6:Epaper_Write_Data	16	static
../Libraries/EPD_W21/EPAPER.c:2848:6:EPD_select_LUT	24	static
../Libraries/EPD_W21/EPAPER.c:2856:9:In2bytes_Out1byte_RAM1	24	static
../Libraries/EPD_W21/EPAPER.c:2886:9:In2bytes_Out1byte_RAM2	24	static
../Libraries/EPD_W21/EPAPER.c:2917:6:EPD_WhiteScreen_ALL_4GRAY	24	static
../Libraries/EPD_W21/EPAPER.c:2936:6:EPD_Update_4GRAY_and_DeepSleep	8	static
../Libraries/EPD_W21/EPAPER.c:2950:6:EPD_HW_Init	32	static
../Libraries/EPD_W21/EPAPER.c:3004:6:EPD_W21_Init	8	static
../Libraries/EPD_W21/EPAPER.c:3012:6:EPD_WhiteScreen_ALL	24	static
../Libraries/EPD_W21/EPAPER.c:3034:6:EPD_Dis_Part	56	static
../Libraries/EPD_W21/EPAPER.c:3148:6:EPD_WhiteScreen_Red	16	static
../Libraries/EPD_W21/EPAPER.c:3166:6:EPD_WhiteScreen_Black	16	static
../Libraries/EPD_W21/EPAPER.c:3184:6:EPD_WhiteScreen_White	16	static
../Libraries/EPD_W21/EPAPER.c:3202:6:EPD_Update_and_DeepSleep	8	static
../Libraries/EPD_W21/EPAPER.c:3216:6:EPD_Part_Update_and_DeepSleep	8	static
../Libraries/EPD_W21/EPAPER.c:3228:6:EPD_ALL_image	24	static
../Libraries/EPD_W21/EPAPER.c:3248:6:EPD_SetRAMValue_BaseMap	24	static
../Libraries/EPD_W21/EPAPER.c:3280:6:EPD_multiple_Part	64	static
../Libraries/EPD_W21/EPAPER.c:3356:6:EPD_Update_BaseMap	8	static
../Libraries/EPD_W21/EPAPER.c:3378:6:EPD_Dis_ascii	64	static
../Libraries/EPD_W21/EPAPER.c:3407:6:EPD_Dis_ascii_short	160	static
../Libraries/EPD_W21/EPAPER.c:3439:6:EPD_Dis_string	40	static
../Libraries/EPD_W21/EPAPER.c:3457:6:EPD_Dis_power	32	static
../Libraries/EPD_W21/EPAPER.c:3471:6:EPD_run_length_decode	56	static
