../Libraries/EPD_W21/EPAPER.c:1857:6:Epaper_Spi_WriteByte	24	static
../Libraries/EPD_W21/EPAPER.c:1876:6:Epaper_READBUSY	8	static
../Libraries/EPD_W21/EPAPER.c:1883:6:Epaper_Write_Command	16	static
../Libraries/EPD_W21/EPAPER.c:1892:6:Epaper_Write_Data	16	static
../Libraries/EPD_W21/EPAPER.c:1904:6:EPD_select_LUT	24	static
../Libraries/EPD_W21/EPAPER.c:1912:9:In2bytes_Out1byte_RAM1	24	static
../Libraries/EPD_W21/EPAPER.c:1942:9:In2bytes_Out1byte_RAM2	24	static
../Libraries/EPD_W21/EPAPER.c:1973:6:EPD_WhiteScreen_ALL_4GRAY	24	static
../Libraries/EPD_W21/EPAPER.c:1992:6:EPD_Update_4GRAY_and_DeepSleep	8	static
../Libraries/EPD_W21/EPAPER.c:2006:6:EPD_HW_Init	32	static
../Libraries/EPD_W21/EPAPER.c:2060:6:EPD_W21_Init	8	static
../Libraries/EPD_W21/EPAPER.c:2068:6:EPD_WhiteScreen_ALL	24	static
../Libraries/EPD_W21/EPAPER.c:2090:6:EPD_Dis_Part	56	static
../Libraries/EPD_W21/EPAPER.c:2146:6:EPD_WhiteScreen_White	16	static
../Libraries/EPD_W21/EPAPER.c:2160:6:EPD_Update_and_DeepSleep	8	static
../Libraries/EPD_W21/EPAPER.c:2171:6:EPD_Part_Update_and_DeepSleep	8	static
../Libraries/EPD_W21/EPAPER.c:2182:6:EPD_SetRAMValue_BaseMap	24	static
../Libraries/EPD_W21/EPAPER.c:2434:6:EPD_Dis_ascii	64	static
../Libraries/EPD_W21/EPAPER.c:2463:6:EPD_Dis_ascii_short	160	static
../Libraries/EPD_W21/EPAPER.c:2495:6:EPD_Dis_string	40	static
../Libraries/EPD_W21/EPAPER.c:2513:6:EPD_Dis_power	32	static
../Libraries/EPD_W21/EPAPER.c:2527:6:EPD_run_length_decode	56	static
