../Libraries/EPD_W21/EPAPER.c:853:6:Epaper_Spi_WriteByte	24	static
../Libraries/EPD_W21/EPAPER.c:872:6:Epaper_READBUSY	8	static
../Libraries/EPD_W21/EPAPER.c:879:6:Epaper_Write_Command	16	static
../Libraries/EPD_W21/EPAPER.c:888:6:Epaper_Write_Data	16	static
../Libraries/EPD_W21/EPAPER.c:900:6:EPD_select_LUT	24	static
../Libraries/EPD_W21/EPAPER.c:908:9:In2bytes_Out1byte_RAM1	24	static
../Libraries/EPD_W21/EPAPER.c:938:9:In2bytes_Out1byte_RAM2	24	static
../Libraries/EPD_W21/EPAPER.c:969:6:EPD_WhiteScreen_ALL_4GRAY	24	static
../Libraries/EPD_W21/EPAPER.c:988:6:EPD_Update_4GRAY_and_DeepSleep	8	static
../Libraries/EPD_W21/EPAPER.c:1002:6:EPD_HW_Init	32	static
../Libraries/EPD_W21/EPAPER.c:1056:6:EPD_W21_Init	8	static
../Libraries/EPD_W21/EPAPER.c:1064:6:EPD_WhiteScreen_ALL	24	static
../Libraries/EPD_W21/EPAPER.c:1075:6:EPD_Update_and_DeepSleep	8	static
../Libraries/EPD_W21/EPAPER.c:1086:6:EPD_Part_Update_and_DeepSleep	8	static
../Libraries/EPD_W21/EPAPER.c:1097:6:EPD_SetRAMValue_BaseMap	24	static
../Libraries/EPD_W21/EPAPER.c:1123:6:EPD_Dis_Part	56	static
../Libraries/EPD_W21/EPAPER.c:1177:6:EPD_WhiteScreen_White	16	static
../Libraries/EPD_W21/EPAPER.c:1201:6:EPD_Dis_ascii	64	static
../Libraries/EPD_W21/EPAPER.c:1230:6:EPD_Dis_ascii_short	160	static
../Libraries/EPD_W21/EPAPER.c:1262:6:EPD_Dis_string	40	static
../Libraries/EPD_W21/EPAPER.c:1280:6:EPD_Dis_power	32	static
../Libraries/EPD_W21/EPAPER.c:1294:6:EPD_run_length_decode	56	static
