Archive member included to satisfy reference by file (symbol)

D:/ST/STM32CubeIDE_1.16.1/STM32CubeIDE/plugins/com.st.stm32cube.ide.mcu.externaltools.gnu-tools-for-stm32.12.3.rel1.win32_1.0.200.202406191623/tools/bin/../lib/gcc/arm-none-eabi/12.3.1/../../../../arm-none-eabi/lib/thumb/v7-m/nofp\libc_nano.a(libc_a-exit.o)
                              D:/ST/STM32CubeIDE_1.16.1/STM32CubeIDE/plugins/com.st.stm32cube.ide.mcu.externaltools.gnu-tools-for-stm32.12.3.rel1.win32_1.0.200.202406191623/tools/bin/../lib/gcc/arm-none-eabi/12.3.1/../../../../arm-none-eabi/lib/thumb/v7-m/nofp/crt0.o (exit)
D:/ST/STM32CubeIDE_1.16.1/STM32CubeIDE/plugins/com.st.stm32cube.ide.mcu.externaltools.gnu-tools-for-stm32.12.3.rel1.win32_1.0.200.202406191623/tools/bin/../lib/gcc/arm-none-eabi/12.3.1/../../../../arm-none-eabi/lib/thumb/v7-m/nofp\libc_nano.a(libc_a-itoa.o)
                              ./Libraries/mytasks/task_show.o (itoa)
D:/ST/STM32CubeIDE_1.16.1/STM32CubeIDE/plugins/com.st.stm32cube.ide.mcu.externaltools.gnu-tools-for-stm32.12.3.rel1.win32_1.0.200.202406191623/tools/bin/../lib/gcc/arm-none-eabi/12.3.1/../../../../arm-none-eabi/lib/thumb/v7-m/nofp\libc_nano.a(libc_a-utoa.o)
                              D:/ST/STM32CubeIDE_1.16.1/STM32CubeIDE/plugins/com.st.stm32cube.ide.mcu.externaltools.gnu-tools-for-stm32.12.3.rel1.win32_1.0.200.202406191623/tools/bin/../lib/gcc/arm-none-eabi/12.3.1/../../../../arm-none-eabi/lib/thumb/v7-m/nofp\libc_nano.a(libc_a-itoa.o) (__utoa)
D:/ST/STM32CubeIDE_1.16.1/STM32CubeIDE/plugins/com.st.stm32cube.ide.mcu.externaltools.gnu-tools-for-stm32.12.3.rel1.win32_1.0.200.202406191623/tools/bin/../lib/gcc/arm-none-eabi/12.3.1/../../../../arm-none-eabi/lib/thumb/v7-m/nofp\libc_nano.a(libc_a-nano-vfprintf_float.o)
                              (_printf_float)
D:/ST/STM32CubeIDE_1.16.1/STM32CubeIDE/plugins/com.st.stm32cube.ide.mcu.externaltools.gnu-tools-for-stm32.12.3.rel1.win32_1.0.200.202406191623/tools/bin/../lib/gcc/arm-none-eabi/12.3.1/../../../../arm-none-eabi/lib/thumb/v7-m/nofp\libc_nano.a(libc_a-nano-vfprintf_i.o)
                              D:/ST/STM32CubeIDE_1.16.1/STM32CubeIDE/plugins/com.st.stm32cube.ide.mcu.externaltools.gnu-tools-for-stm32.12.3.rel1.win32_1.0.200.202406191623/tools/bin/../lib/gcc/arm-none-eabi/12.3.1/../../../../arm-none-eabi/lib/thumb/v7-m/nofp\libc_nano.a(libc_a-nano-vfprintf_float.o) (_printf_common)
D:/ST/STM32CubeIDE_1.16.1/STM32CubeIDE/plugins/com.st.stm32cube.ide.mcu.externaltools.gnu-tools-for-stm32.12.3.rel1.win32_1.0.200.202406191623/tools/bin/../lib/gcc/arm-none-eabi/12.3.1/../../../../arm-none-eabi/lib/thumb/v7-m/nofp\libc_nano.a(libc_a-nano-vfscanf_float.o)
                              (_scanf_float)
D:/ST/STM32CubeIDE_1.16.1/STM32CubeIDE/plugins/com.st.stm32cube.ide.mcu.externaltools.gnu-tools-for-stm32.12.3.rel1.win32_1.0.200.202406191623/tools/bin/../lib/gcc/arm-none-eabi/12.3.1/../../../../arm-none-eabi/lib/thumb/v7-m/nofp\libc_nano.a(libc_a-findfp.o)
                              ./Middlewares/Third_Party/FreeRTOS/Source/tasks.o (__sf)
D:/ST/STM32CubeIDE_1.16.1/STM32CubeIDE/plugins/com.st.stm32cube.ide.mcu.externaltools.gnu-tools-for-stm32.12.3.rel1.win32_1.0.200.202406191623/tools/bin/../lib/gcc/arm-none-eabi/12.3.1/../../../../arm-none-eabi/lib/thumb/v7-m/nofp\libc_nano.a(libc_a-fwalk.o)
                              D:/ST/STM32CubeIDE_1.16.1/STM32CubeIDE/plugins/com.st.stm32cube.ide.mcu.externaltools.gnu-tools-for-stm32.12.3.rel1.win32_1.0.200.202406191623/tools/bin/../lib/gcc/arm-none-eabi/12.3.1/../../../../arm-none-eabi/lib/thumb/v7-m/nofp\libc_nano.a(libc_a-findfp.o) (_fwalk_sglue)
D:/ST/STM32CubeIDE_1.16.1/STM32CubeIDE/plugins/com.st.stm32cube.ide.mcu.externaltools.gnu-tools-for-stm32.12.3.rel1.win32_1.0.200.202406191623/tools/bin/../lib/gcc/arm-none-eabi/12.3.1/../../../../arm-none-eabi/lib/thumb/v7-m/nofp\libc_nano.a(libc_a-printf.o)
                              ./Libraries/EPD_W21/EPAPER.o (printf)
D:/ST/STM32CubeIDE_1.16.1/STM32CubeIDE/plugins/com.st.stm32cube.ide.mcu.externaltools.gnu-tools-for-stm32.12.3.rel1.win32_1.0.200.202406191623/tools/bin/../lib/gcc/arm-none-eabi/12.3.1/../../../../arm-none-eabi/lib/thumb/v7-m/nofp\libc_nano.a(libc_a-puts.o)
                              ./Libraries/EPD_W21/EPAPER.o (puts)
D:/ST/STM32CubeIDE_1.16.1/STM32CubeIDE/plugins/com.st.stm32cube.ide.mcu.externaltools.gnu-tools-for-stm32.12.3.rel1.win32_1.0.200.202406191623/tools/bin/../lib/gcc/arm-none-eabi/12.3.1/../../../../arm-none-eabi/lib/thumb/v7-m/nofp\libc_nano.a(libc_a-sprintf.o)
                              D:/ST/STM32CubeIDE_1.16.1/STM32CubeIDE/plugins/com.st.stm32cube.ide.mcu.externaltools.gnu-tools-for-stm32.12.3.rel1.win32_1.0.200.202406191623/tools/bin/../lib/gcc/arm-none-eabi/12.3.1/../../../../arm-none-eabi/lib/thumb/v7-m/nofp\libc_nano.a(libc_a-nano-vfscanf_float.o) (sprintf)
[...]
Memory Configuration

Name             Origin             Length             Attributes
RAM              0x20000000         0x00005000         xrw
FLASH            0x08000000         0x00020000         xr
*default*        0x00000000         0xffffffff

Linker script and memory map

LOAD D:/ST/STM32CubeIDE_1.16.1/STM32CubeIDE/plugins/com.st.stm32cube.ide.mcu.externaltools.gnu-tools-for-stm32.12.3.rel1.win32_1.0.200.202406191623/tools/bin/../lib/gcc/arm-none-eabi/12.3.1/thumb/v7-m/nofp/crti.o
LOAD D:/ST/STM32CubeIDE_1.16.1/STM32CubeIDE/plugins/com.st.stm32cube.ide.mcu.externaltools.gnu-tools-for-stm32.12.3.rel1.win32_1.0.200.202406191623/tools/bin/../lib/gcc/arm-none-eabi/12.3.1/thumb/v7-m/nofp/crtbegin.o
LOAD D:/ST/STM32CubeIDE_1.16.1/STM32CubeIDE/plugins/com.st.stm32cube.ide.mcu.externaltools.gnu-tools-for-stm32.12.3.rel1.win32_1.0.200.202406191623/tools/bin/../lib/gcc/arm-none-eabi/12.3.1/../../../../arm-none-eabi/lib/thumb/v7-m/nofp/crt0.o
LOAD ./Core/Src/freertos.o
LOAD ./Core/Src/gpio.o
LOAD ./Core/Src/main.o
LOAD ./Core/Src/stm32f1xx_hal_msp.o
LOAD ./Core/Src/stm32f1xx_hal_timebase_tim.o
LOAD ./Core/Src/stm32f1xx_it.o
LOAD ./Core/Src/syscalls.o
LOAD ./Core/Src/sysmem.o
LOAD ./Core/Src/system_stm32f1xx.o
LOAD ./Core/Src/usart.o
LOAD ./Core/Startup/startup_stm32f103cbtx.o
LOAD ./Drivers/STM32F1xx_HAL_Driver/Src/stm32f1xx_hal.o
LOAD ./Drivers/STM32F1xx_HAL_Driver/Src/stm32f1xx_hal_cortex.o
LOAD ./Drivers/STM32F1xx_HAL_Driver/Src/stm32f1xx_hal_dma.o
LOAD ./Drivers/STM32F1xx_HAL_Driver/Src/stm32f1xx_hal_exti.o
LOAD ./Drivers/STM32F1xx_HAL_Driver/Src/stm32f1xx_hal_flash.o
LOAD ./Drivers/STM32F1xx_HAL_Driver/Src/stm32f1xx_hal_flash_ex.o
LOAD ./Drivers/STM32F1xx_HAL_Driver/Src/stm32f1xx_hal_gpio.o
LOAD ./Drivers/STM32F1xx_HAL_Driver/Src/stm32f1xx_hal_gpio_ex.o
LOAD ./Drivers/STM32F1xx_HAL_Driver/Src/stm32f1xx_hal_pwr.o
LOAD ./Drivers/STM32F1xx_HAL_Driver/Src/stm32f1xx_hal_rcc.o
LOAD ./Drivers/STM32F1xx_HAL_Driver/Src/stm32f1xx_hal_rcc_ex.o
LOAD ./Drivers/STM32F1xx_HAL_Driver/Src/stm32f1xx_hal_tim.o
LOAD ./Drivers/STM32F1xx_HAL_Driver/Src/stm32f1xx_hal_tim_ex.o
LOAD ./Drivers/STM32F1xx_HAL_Driver/Src/stm32f1xx_hal_uart.o
LOAD ./Libraries/EPD_W21/EPAPER.o
LOAD ./Libraries/ds1302/ds1302.o
LOAD ./Libraries/mytasks/task_init.o
LOAD ./Libraries/mytasks/task_read.o
LOAD ./Libraries/mytasks/task_run.o
LOAD ./Libraries/mytasks/task_show.o
LOAD ./Libraries/myusart/myusart.o
LOAD ./Middlewares/Third_Party/FreeRTOS/Source/CMSIS_RTOS_V2/cmsis_os2.o
LOAD ./Middlewares/Third_Party/FreeRTOS/Source/croutine.o
LOAD ./Middlewares/Third_Party/FreeRTOS/Source/event_groups.o
LOAD ./Middlewares/Third_Party/FreeRTOS/Source/list.o
LOAD ./Middlewares/Third_Party/FreeRTOS/Source/queue.o
LOAD ./Middlewares/Third_Party/FreeRTOS/Source/stream_buffer.o
LOAD ./Middlewares/Third_Party/FreeRTOS/Source/tasks.o
LOAD ./Middlewares/Third_Party/FreeRTOS/Source/timers.o
LOAD ./Middlewares/Third_Party/FreeRTOS/Source/portable/GCC/ARM_CM3/port.o
LOAD ./Middlewares/Third_Party/FreeRTOS/Source/portable/MemMang/heap_4.o
START GROUP
LOAD D:/ST/STM32CubeIDE_1.16.1/STM32CubeIDE/plugins/com.st.stm32cube.ide.mcu.externaltools.gnu-tools-for-stm32.12.3.rel1.win32_1.0.200.202406191623/tools/bin/../lib/gcc/arm-none-eabi/12.3.1/../../../../arm-none-eabi/lib/thumb/v7-m/nofp\libc_nano.a
LOAD D:/ST/STM32CubeIDE_1.16.1/STM32CubeIDE/plugins/com.st.stm32cube.ide.mcu.externaltools.gnu-tools-for-stm32.12.3.rel1.win32_1.0.200.202406191623/tools/bin/../lib/gcc/arm-none-eabi/12.3.1/../../../../arm-none-eabi/lib/thumb/v7-m/nofp\libm.a
END GROUP
START GROUP
LOAD D:/ST/STM32CubeIDE_1.16.1/STM32CubeIDE/plugins/com.st.stm32cube.ide.mcu.externaltools.gnu-tools-for-stm32.12.3.rel1.win32_1.0.200.202406191623/tools/bin/../lib/gcc/arm-none-eabi/12.3.1/thumb/v7-m/nofp\libgcc.a
LOAD D:/ST/STM32CubeIDE_1.16.1/STM32CubeIDE/plugins/com.st.stm32cube.ide.mcu.externaltools.gnu-tools-for-stm32.12.3.rel1.win32_1.0.200.202406191623/tools/bin/../lib/gcc/arm-none-eabi/12.3.1/../../../../arm-none-eabi/lib/thumb/v7-m/nofp\libc_nano.a
END GROUP
START GROUP
LOAD D:/ST/STM32CubeIDE_1.16.1/STM32CubeIDE/plugins/com.st.stm32cube.ide.mcu.externaltools.gnu-tools-for-stm32.12.3.rel1.win32_1.0.200.202406191623/tools/bin/../lib/gcc/arm-none-eabi/12.3.1/thumb/v7-m/nofp\libgcc.a
LOAD D:/ST/STM32CubeIDE_1.16.1/STM32CubeIDE/plugins/com.st.stm32cube.ide.mcu.externaltools.gnu-tools-for-stm32.12.3.rel1.win32_1.0.200.202406191623/tools/bin/../lib/gcc/arm-none-eabi/12.3.1/../../../../arm-none-eabi/lib/thumb/v7-m/nofp\libc_nano.a
LOAD D:/ST/STM32CubeIDE_1.16.1/STM32CubeIDE/plugins/com.st.stm32cube.ide.mcu.externaltools.gnu-tools-for-stm32.12.3.rel1.win32_1.0.200.202406191623/tools/bin/../lib/gcc/arm-none-eabi/12.3.1/../../../../arm-none-eabi/lib/thumb/v7-m/nofp\libnosys.a
END GROUP
START GROUP
LOAD D:/ST/STM32CubeIDE_1.16.1/STM32CubeIDE/plugins/com.st.stm32cube.ide.mcu.externaltools.gnu-tools-for-stm32.12.3.rel1.win32_1.0.200.202406191623/tools/bin/../lib/gcc/arm-none-eabi/12.3.1/thumb/v7-m/nofp\libgcc.a
LOAD D:/ST/STM32CubeIDE_1.16.1/STM32CubeIDE/plugins/com.st.stm32cube.ide.mcu.externaltools.gnu-tools-for-stm32.12.3.rel1.win32_1.0.200.202406191623/tools/bin/../lib/gcc/arm-none-eabi/12.3.1/../../../../arm-none-eabi/lib/thumb/v7-m/nofp\libc_nano.a
LOAD D:/ST/STM32CubeIDE_1.16.1/STM32CubeIDE/plugins/com.st.stm32cube.ide.mcu.externaltools.gnu-tools-for-stm32.12.3.rel1.win32_1.0.200.202406191623/tools/bin/../lib/gcc/arm-none-eabi/12.3.1/../../../../arm-none-eabi/lib/thumb/v7-m/nofp\libnosys.a
END GROUP
LOAD D:/ST/STM32CubeIDE_1.16.1/STM32CubeIDE/plugins/com.st.stm32cube.ide.mcu.externaltools.gnu-tools-for-stm32.12.3.rel1.win32_1.0.200.202406191623/tools/bin/../lib/gcc/arm-none-eabi/12.3.1/thumb/v7-m/nofp/crtend.o
LOAD D:/ST/STM32CubeIDE_1.16.1/STM32CubeIDE/plugins/com.st.stm32cube.ide.mcu.externaltools.gnu-tools-for-stm32.12.3.rel1.win32_1.0.200.202406191623/tools/bin/../lib/gcc/arm-none-eabi/12.3.1/thumb/v7-m/nofp/crtn.o
                0x20005000                        _estack = (ORIGIN (RAM) + LENGTH (RAM))
                0x00000200                        _Min_Heap_Size = 0x200
                0x00000400                        _Min_Stack_Size = 0x400

.isr_vector     0x08000000      0x10c
                0x08000000                        . = ALIGN (0x4)
 *(.isr_vector)
 .isr_vector    0x08000000      0x10c ./Core/Startup/startup_stm32f103cbtx.o
                0x08000000                g_pfnVectors
                0x0800010c                        . = ALIGN (0x4)

.text           0x08000110     0xdb14
                0x08000110                        . = ALIGN (0x4)
 *(.text)
 .text          0x08000110       0x40 D:/ST/STM32CubeIDE_1.16.1/STM32CubeIDE/plugins/com.st.stm32cube.ide.mcu.externaltools.gnu-tools-for-stm32.12.3.rel1.win32_1.0.200.202406191623/tools/bin/../lib/gcc/arm-none-eabi/12.3.1/thumb/v7-m/nofp/crtbegin.o
 .text          0x08000150       0x10 D:/ST/STM32CubeIDE_1.16.1/STM32CubeIDE/plugins/com.st.stm32cube.ide.mcu.externaltools.gnu-tools-for-stm32.12.3.rel1.win32_1.0.200.202406191623/tools/bin/../lib/gcc/arm-none-eabi/12.3.1/../../../../arm-none-eabi/lib/thumb/v7-m/nofp\libc_nano.a(libc_a-strlen.o)
                0x08000150                strlen
 .text          0x08000160      0x378 D:/ST/STM32CubeIDE_1.16.1/STM32CubeIDE/plugins/com.st.stm32cube.ide.mcu.externaltools.gnu-tools-for-stm32.12.3.rel1.win32_1.0.200.202406191623/tools/bin/../lib/gcc/arm-none-eabi/12.3.1/thumb/v7-m/nofp\libgcc.a(_arm_addsubdf3.o)
                0x08000160                __aeabi_drsub
                0x08000168                __aeabi_dsub
                0x08000168                __subdf3
                0x0800016c                __aeabi_dadd
                0x0800016c                __adddf3
                0x080003e4                __floatunsidf
                0x080003e4                __aeabi_ui2d
                0x08000404                __floatsidf
                0x08000404                __aeabi_i2d
                0x08000428                __aeabi_f2d
                0x08000428                __extendsfdf2
                0x0800046c                __floatundidf
                0x0800046c                __aeabi_ul2d
                0x0800047c                __floatdidf
                0x0800047c                __aeabi_l2d
 .text          0x080004d8      0x424 D:/ST/STM32CubeIDE_1.16.1/STM32CubeIDE/plugins/com.st.stm32cube.ide.mcu.externaltools.gnu-tools-for-stm32.12.3.rel1.win32_1.0.200.202406191623/tools/bin/../lib/gcc/arm-none-eabi/12.3.1/thumb/v7-m/nofp\libgcc.a(_arm_muldivdf3.o)
                0x080004d8                __aeabi_dmul
                0x080004d8                __muldf3
                0x0800072c                __divdf3
                0x0800072c                __aeabi_ddiv
 .text          0x080008fc      0x110 D:/ST/STM32CubeIDE_1.16.1/STM32CubeIDE/plugins/com.st.stm32cube.ide.mcu.externaltools.gnu-tools-for-stm32.12.3.rel1.win32_1.0.200.202406191623/tools/bin/../lib/gcc/arm-none-eabi/12.3.1/thumb/v7-m/nofp\libgcc.a(_arm_cmpdf2.o)
                0x080008fc                __gtdf2
                0x080008fc                __gedf2
                0x08000904                __ltdf2
                0x08000904                __ledf2
                0x0800090c                __nedf2
                0x0800090c                __eqdf2
                0x0800090c                __cmpdf2
                0x08000988                __aeabi_cdrcmple
                0x08000998                __aeabi_cdcmpeq
                0x08000998                __aeabi_cdcmple
                0x080009a8                __aeabi_dcmpeq
                0x080009bc                __aeabi_dcmplt
                0x080009d0                __aeabi_dcmple
                0x080009e4                __aeabi_dcmpge
                0x080009f8                __aeabi_dcmpgt
 .text          0x08000a0c       0x2c D:/ST/STM32CubeIDE_1.16.1/STM32CubeIDE/plugins/com.st.stm32cube.ide.mcu.externaltools.gnu-tools-for-stm32.12.3.rel1.win32_1.0.200.202406191623/tools/bin/../lib/gcc/arm-none-eabi/12.3.1/thumb/v7-m/nofp\libgcc.a(_arm_unorddf2.o)
                0x08000a0c                __unorddf2
                0x08000a0c                __aeabi_dcmpun
 .text          0x08000a38       0x50 D:/ST/STM32CubeIDE_1.16.1/STM32CubeIDE/plugins/com.st.stm32cube.ide.mcu.externaltools.gnu-tools-for-stm32.12.3.rel1.win32_1.0.200.202406191623/tools/bin/../lib/gcc/arm-none-eabi/12.3.1/thumb/v7-m/nofp\libgcc.a(_arm_fixdfsi.o)
                0x08000a38                __aeabi_d2iz
                0x08000a38                __fixdfsi
 .text          0x08000a88       0x40 D:/ST/STM32CubeIDE_1.16.1/STM32CubeIDE/plugins/com.st.stm32cube.ide.mcu.externaltools.gnu-tools-for-stm32.12.3.rel1.win32_1.0.200.202406191623/tools/bin/../lib/gcc/arm-none-eabi/12.3.1/thumb/v7-m/nofp\libgcc.a(_arm_fixunsdfsi.o)
                0x08000a88                __aeabi_d2uiz
                0x08000a88                __fixunsdfsi
 .text          0x08000ac8       0xa0 D:/ST/STM32CubeIDE_1.16.1/STM32CubeIDE/plugins/com.st.stm32cube.ide.mcu.externaltools.gnu-tools-for-stm32.12.3.rel1.win32_1.0.200.202406191623/tools/bin/../lib/gcc/arm-none-eabi/12.3.1/thumb/v7-m/nofp\libgcc.a(_arm_truncdfsf2.o)
                0x08000ac8                __truncdfsf2
                0x08000ac8                __aeabi_d2f
 .text          0x08000b68       0x30 D:/ST/STM32CubeIDE_1.16.1/STM32CubeIDE/plugins/com.st.stm32cube.ide.mcu.externaltools.gnu-tools-for-stm32.12.3.rel1.win32_1.0.200.202406191623/tools/bin/../lib/gcc/arm-none-eabi/12.3.1/thumb/v7-m/nofp\libgcc.a(_fixdfdi.o)
                0x08000b68                __fixdfdi
                0x08000b68                __aeabi_d2lz
 .text          0x08000b98       0x3c D:/ST/STM32CubeIDE_1.16.1/STM32CubeIDE/plugins/com.st.stm32cube.ide.mcu.externaltools.gnu-tools-for-stm32.12.3.rel1.win32_1.0.200.202406191623/tools/bin/../lib/gcc/arm-none-eabi/12.3.1/thumb/v7-m/nofp\libgcc.a(_fixunsdfdi.o)
                0x08000b98                __fixunsdfdi
                0x08000b98                __aeabi_d2ulz
 *(.text*)
 .text.MX_FREERTOS_Init
                0x08000bd4       0xf0 ./Core/Src/freertos.o
                0x08000bd4                MX_FREERTOS_Init
 .text.task_init
                0x08000cc4        0xe ./Core/Src/freertos.o
                0x08000cc4                task_init
 .text.task_show
                0x08000cd2        0xe ./Core/Src/freertos.o
                0x08000cd2                task_show
 .text.task_run
                0x08000ce0        0xe ./Core/Src/freertos.o
                0x08000ce0                task_run
 .text.task_read
                0x08000cee        0xe ./Core/Src/freertos.o
                0x08000cee                task_read
 .text.Callback_ds1302_read
                0x08000cfc       0x12 ./Core/Src/freertos.o
                0x08000cfc                Callback_ds1302_read
 *fill*         0x08000d0e        0x2 
 .text.MX_GPIO_Init
                0x08000d10      0x13c ./Core/Src/gpio.o
                0x08000d10                MX_GPIO_Init
 .text.main     0x08000e4c       0x28 ./Core/Src/main.o
                0x08000e4c                main
 .text.SystemClock_Config
                0x08000e74       0x8a ./Core/Src/main.o
                0x08000e74                SystemClock_Config
 *fill*         0x08000efe        0x2 
 .text.__io_putchar
                0x08000f00       0x24 ./Core/Src/main.o
                0x08000f00                __io_putchar
 .text.HAL_TIM_PeriodElapsedCallback
                0x08000f24       0x24 ./Core/Src/main.o
                0x08000f24                HAL_TIM_PeriodElapsedCallback
 .text.Error_Handler
                0x08000f48        0xc ./Core/Src/main.o
                0x08000f48                Error_Handler
 .text.HAL_MspInit
                0x08000f54       0x70 ./Core/Src/stm32f1xx_hal_msp.o
                0x08000f54                HAL_MspInit
 .text.HAL_InitTick
                0x08000fc4       0xe4 ./Core/Src/stm32f1xx_hal_timebase_tim.o
                0x08000fc4                HAL_InitTick
 .text.NMI_Handler
                0x080010a8        0x8 ./Core/Src/stm32f1xx_it.o
                0x080010a8                NMI_Handler
 .text.HardFault_Handler
                0x080010b0        0x8 ./Core/Src/stm32f1xx_it.o
                0x080010b0                HardFault_Handler
 .text.MemManage_Handler
                0x080010b8        0x8 ./Core/Src/stm32f1xx_it.o
                0x080010b8                MemManage_Handler
 .text.BusFault_Handler
                0x080010c0        0x8 ./Core/Src/stm32f1xx_it.o
                0x080010c0                BusFault_Handler
 .text.UsageFault_Handler
                0x080010c8        0x8 ./Core/Src/stm32f1xx_it.o
                0x080010c8                UsageFault_Handler
 .text.DebugMon_Handler
                0x080010d0        0xc ./Core/Src/stm32f1xx_it.o
                0x080010d0                DebugMon_Handler
 .text.TIM1_UP_IRQHandler
                0x080010dc       0x14 ./Core/Src/stm32f1xx_it.o
                0x080010dc                TIM1_UP_IRQHandler
 .text.USART1_IRQHandler
                0x080010f0       0x14 ./Core/Src/stm32f1xx_it.o
                0x080010f0                USART1_IRQHandler
 .text.USART2_IRQHandler
                0x08001104       0x14 ./Core/Src/stm32f1xx_it.o
                0x08001104                USART2_IRQHandler
 .text._getpid  0x08001118        0xe ./Core/Src/syscalls.o
                0x08001118                _getpid
 .text._kill    0x08001126       0x20 ./Core/Src/syscalls.o
                0x08001126                _kill
 .text._exit    0x08001146       0x16 ./Core/Src/syscalls.o
                0x08001146                _exit
 .text._read    0x0800115c       0x3a ./Core/Src/syscalls.o
                0x0800115c                _read
 .text._write   0x08001196       0x38 ./Core/Src/syscalls.o
                0x08001196                _write
 .text._close   0x080011ce       0x16 ./Core/Src/syscalls.o
                0x080011ce                _close
 .text._fstat   0x080011e4       0x1e ./Core/Src/syscalls.o
                0x080011e4                _fstat
 .text._isatty  0x08001202       0x14 ./Core/Src/syscalls.o
                0x08001202                _isatty
 .text._lseek   0x08001216       0x18 ./Core/Src/syscalls.o
                0x08001216                _lseek
 *fill*         0x0800122e        0x2 
 .text._sbrk    0x08001230       0x6c ./Core/Src/sysmem.o
                0x08001230                _sbrk
 .text.SystemInit
                0x0800129c        0xc ./Core/Src/system_stm32f1xx.o
                0x0800129c                SystemInit
 .text.MX_USART1_UART_Init
                0x080012a8       0x54 ./Core/Src/usart.o
                0x080012a8                MX_USART1_UART_Init
 .text.MX_USART2_UART_Init
                0x080012fc       0x54 ./Core/Src/usart.o
                0x080012fc                MX_USART2_UART_Init
 .text.HAL_UART_MspInit
                0x08001350      0x128 ./Core/Src/usart.o
                0x08001350                HAL_UART_MspInit
 .text.Reset_Handler
                0x08001478       0x48 ./Core/Startup/startup_stm32f103cbtx.o
                0x08001478                Reset_Handler
 .text.Default_Handler
                0x080014c0        0x2 ./Core/Startup/startup_stm32f103cbtx.o
                0x080014c0                RTC_Alarm_IRQHandler
                0x080014c0                EXTI2_IRQHandler
                0x080014c0                TIM1_CC_IRQHandler
                0x080014c0                PVD_IRQHandler
                0x080014c0                EXTI3_IRQHandler
                0x080014c0                EXTI0_IRQHandler
                0x080014c0                I2C2_EV_IRQHandler
                0x080014c0                ADC1_2_IRQHandler
                0x080014c0                SPI1_IRQHandler
                0x080014c0                TAMPER_IRQHandler
                0x080014c0                DMA1_Channel4_IRQHandler
                0x080014c0                USART3_IRQHandler
                0x080014c0                RTC_IRQHandler
                0x080014c0                DMA1_Channel7_IRQHandler
                0x080014c0                CAN1_RX1_IRQHandler
                0x080014c0                TIM4_IRQHandler
                0x080014c0                I2C1_EV_IRQHandler
                0x080014c0                DMA1_Channel6_IRQHandler
                0x080014c0                TIM3_IRQHandler
                0x080014c0                RCC_IRQHandler
                0x080014c0                TIM1_TRG_COM_IRQHandler
                0x080014c0                DMA1_Channel1_IRQHandler
                0x080014c0                Default_Handler
                0x080014c0                EXTI15_10_IRQHandler
                0x080014c0                EXTI9_5_IRQHandler
                0x080014c0                SPI2_IRQHandler
                0x080014c0                DMA1_Channel5_IRQHandler
                0x080014c0                EXTI4_IRQHandler
                0x080014c0                USB_LP_CAN1_RX0_IRQHandler
                0x080014c0                USB_HP_CAN1_TX_IRQHandler
                0x080014c0                DMA1_Channel3_IRQHandler
                0x080014c0                WWDG_IRQHandler
                0x080014c0                TIM2_IRQHandler
                0x080014c0                TIM1_BRK_IRQHandler
                0x080014c0                EXTI1_IRQHandler
                0x080014c0                I2C2_ER_IRQHandler
                0x080014c0                DMA1_Channel2_IRQHandler
                0x080014c0                CAN1_SCE_IRQHandler
                0x080014c0                FLASH_IRQHandler
                0x080014c0                I2C1_ER_IRQHandler
                0x080014c0                USBWakeUp_IRQHandler
 *fill*         0x080014c2        0x2 
 .text.HAL_Init
                0x080014c4       0x2c ./Drivers/STM32F1xx_HAL_Driver/Src/stm32f1xx_hal.o
                0x080014c4                HAL_Init
 .text.HAL_IncTick
                0x080014f0       0x24 ./Drivers/STM32F1xx_HAL_Driver/Src/stm32f1xx_hal.o
                0x080014f0                HAL_IncTick
 .text.HAL_GetTick
                0x08001514       0x14 ./Drivers/STM32F1xx_HAL_Driver/Src/stm32f1xx_hal.o
                0x08001514                HAL_GetTick
 .text.HAL_Delay
                0x08001528       0x48 ./Drivers/STM32F1xx_HAL_Driver/Src/stm32f1xx_hal.o
                0x08001528                HAL_Delay
 .text.__NVIC_SetPriorityGrouping
                0x08001570       0x48 ./Drivers/STM32F1xx_HAL_Driver/Src/stm32f1xx_hal_cortex.o
 .text.__NVIC_GetPriorityGrouping
                0x080015b8       0x1c ./Drivers/STM32F1xx_HAL_Driver/Src/stm32f1xx_hal_cortex.o
 .text.__NVIC_EnableIRQ
                0x080015d4       0x38 ./Drivers/STM32F1xx_HAL_Driver/Src/stm32f1xx_hal_cortex.o
 .text.__NVIC_SetPriority
                0x0800160c       0x54 ./Drivers/STM32F1xx_HAL_Driver/Src/stm32f1xx_hal_cortex.o
 .text.NVIC_EncodePriority
                0x08001660       0x64 ./Drivers/STM32F1xx_HAL_Driver/Src/stm32f1xx_hal_cortex.o
 .text.HAL_NVIC_SetPriorityGrouping
                0x080016c4       0x16 ./Drivers/STM32F1xx_HAL_Driver/Src/stm32f1xx_hal_cortex.o
                0x080016c4                HAL_NVIC_SetPriorityGrouping
 .text.HAL_NVIC_SetPriority
                0x080016da       0x38 ./Drivers/STM32F1xx_HAL_Driver/Src/stm32f1xx_hal_cortex.o
                0x080016da                HAL_NVIC_SetPriority
 .text.HAL_NVIC_EnableIRQ
                0x08001712       0x1c ./Drivers/STM32F1xx_HAL_Driver/Src/stm32f1xx_hal_cortex.o
                0x08001712                HAL_NVIC_EnableIRQ
 .text.HAL_DMA_Abort
                0x0800172e       0x76 ./Drivers/STM32F1xx_HAL_Driver/Src/stm32f1xx_hal_dma.o
                0x0800172e                HAL_DMA_Abort
 .text.HAL_DMA_Abort_IT
                0x080017a4       0xf0 ./Drivers/STM32F1xx_HAL_Driver/Src/stm32f1xx_hal_dma.o
                0x080017a4                HAL_DMA_Abort_IT
 .text.HAL_GPIO_Init
                0x08001894      0x308 ./Drivers/STM32F1xx_HAL_Driver/Src/stm32f1xx_hal_gpio.o
                0x08001894                HAL_GPIO_Init
 .text.HAL_GPIO_ReadPin
                0x08001b9c       0x2e ./Drivers/STM32F1xx_HAL_Driver/Src/stm32f1xx_hal_gpio.o
                0x08001b9c                HAL_GPIO_ReadPin
 .text.HAL_GPIO_WritePin
                0x08001bca       0x30 ./Drivers/STM32F1xx_HAL_Driver/Src/stm32f1xx_hal_gpio.o
                0x08001bca                HAL_GPIO_WritePin
 *fill*         0x08001bfa        0x2 
 .text.HAL_RCC_OscConfig
                0x08001bfc      0x504 ./Drivers/STM32F1xx_HAL_Driver/Src/stm32f1xx_hal_rcc.o
                0x08001bfc                HAL_RCC_OscConfig
 .text.HAL_RCC_ClockConfig
                0x08002100      0x1d4 ./Drivers/STM32F1xx_HAL_Driver/Src/stm32f1xx_hal_rcc.o
                0x08002100                HAL_RCC_ClockConfig
 .text.HAL_RCC_GetSysClockFreq
                0x080022d4       0xa8 ./Drivers/STM32F1xx_HAL_Driver/Src/stm32f1xx_hal_rcc.o
                0x080022d4                HAL_RCC_GetSysClockFreq
 .text.HAL_RCC_GetHCLKFreq
                0x0800237c       0x14 ./Drivers/STM32F1xx_HAL_Driver/Src/stm32f1xx_hal_rcc.o
                0x0800237c                HAL_RCC_GetHCLKFreq
 .text.HAL_RCC_GetPCLK1Freq
                0x08002390       0x28 ./Drivers/STM32F1xx_HAL_Driver/Src/stm32f1xx_hal_rcc.o
                0x08002390                HAL_RCC_GetPCLK1Freq
 .text.HAL_RCC_GetPCLK2Freq
                0x080023b8       0x28 ./Drivers/STM32F1xx_HAL_Driver/Src/stm32f1xx_hal_rcc.o
                0x080023b8                HAL_RCC_GetPCLK2Freq
 .text.HAL_RCC_GetClockConfig
                0x080023e0       0x60 ./Drivers/STM32F1xx_HAL_Driver/Src/stm32f1xx_hal_rcc.o
                0x080023e0                HAL_RCC_GetClockConfig
 .text.RCC_Delay
                0x08002440       0x3c ./Drivers/STM32F1xx_HAL_Driver/Src/stm32f1xx_hal_rcc.o
 .text.HAL_TIM_Base_Init
                0x0800247c       0x9e ./Drivers/STM32F1xx_HAL_Driver/Src/stm32f1xx_hal_tim.o
                0x0800247c                HAL_TIM_Base_Init
 .text.HAL_TIM_Base_MspInit
                0x0800251a       0x12 ./Drivers/STM32F1xx_HAL_Driver/Src/stm32f1xx_hal_tim.o
                0x0800251a                HAL_TIM_Base_MspInit
 .text.HAL_TIM_Base_Start_IT
                0x0800252c       0xa4 ./Drivers/STM32F1xx_HAL_Driver/Src/stm32f1xx_hal_tim.o
                0x0800252c                HAL_TIM_Base_Start_IT
 .text.HAL_TIM_IRQHandler
                0x080025d0      0x210 ./Drivers/STM32F1xx_HAL_Driver/Src/stm32f1xx_hal_tim.o
                0x080025d0                HAL_TIM_IRQHandler
 .text.HAL_TIM_OC_DelayElapsedCallback
                0x080027e0       0x12 ./Drivers/STM32F1xx_HAL_Driver/Src/stm32f1xx_hal_tim.o
                0x080027e0                HAL_TIM_OC_DelayElapsedCallback
 .text.HAL_TIM_IC_CaptureCallback
                0x080027f2       0x12 ./Drivers/STM32F1xx_HAL_Driver/Src/stm32f1xx_hal_tim.o
                0x080027f2                HAL_TIM_IC_CaptureCallback
 .text.HAL_TIM_PWM_PulseFinishedCallback
                0x08002804       0x12 ./Drivers/STM32F1xx_HAL_Driver/Src/stm32f1xx_hal_tim.o
                0x08002804                HAL_TIM_PWM_PulseFinishedCallback
 .text.HAL_TIM_TriggerCallback
                0x08002816       0x12 ./Drivers/STM32F1xx_HAL_Driver/Src/stm32f1xx_hal_tim.o
                0x08002816                HAL_TIM_TriggerCallback
 .text.TIM_Base_SetConfig
                0x08002828       0xc4 ./Drivers/STM32F1xx_HAL_Driver/Src/stm32f1xx_hal_tim.o
                0x08002828                TIM_Base_SetConfig
 .text.HAL_TIMEx_CommutCallback
                0x080028ec       0x12 ./Drivers/STM32F1xx_HAL_Driver/Src/stm32f1xx_hal_tim_ex.o
                0x080028ec                HAL_TIMEx_CommutCallback
 .text.HAL_TIMEx_BreakCallback
                0x080028fe       0x12 ./Drivers/STM32F1xx_HAL_Driver/Src/stm32f1xx_hal_tim_ex.o
                0x080028fe                HAL_TIMEx_BreakCallback
 .text.HAL_UART_Init
                0x08002910       0xa0 ./Drivers/STM32F1xx_HAL_Driver/Src/stm32f1xx_hal_uart.o
                0x08002910                HAL_UART_Init
 .text.HAL_UART_Transmit
                0x080029b0      0x106 ./Drivers/STM32F1xx_HAL_Driver/Src/stm32f1xx_hal_uart.o
                0x080029b0                HAL_UART_Transmit
 .text.HAL_UART_Receive_IT
                0x08002ab6       0x4a ./Drivers/STM32F1xx_HAL_Driver/Src/stm32f1xx_hal_uart.o
                0x08002ab6                HAL_UART_Receive_IT
 .text.HAL_UART_IRQHandler
                0x08002b00      0x524 ./Drivers/STM32F1xx_HAL_Driver/Src/stm32f1xx_hal_uart.o
                0x08002b00                HAL_UART_IRQHandler
 .text.HAL_UART_TxCpltCallback
                0x08003024       0x12 ./Drivers/STM32F1xx_HAL_Driver/Src/stm32f1xx_hal_uart.o
                0x08003024                HAL_UART_TxCpltCallback
 .text.HAL_UART_ErrorCallback
                0x08003036       0x12 ./Drivers/STM32F1xx_HAL_Driver/Src/stm32f1xx_hal_uart.o
                0x08003036                HAL_UART_ErrorCallback
 .text.HAL_UARTEx_RxEventCallback
                0x08003048       0x16 ./Drivers/STM32F1xx_HAL_Driver/Src/stm32f1xx_hal_uart.o
                0x08003048                HAL_UARTEx_RxEventCallback
 .text.UART_WaitOnFlagUntilTimeout
                0x0800305e       0xdc ./Drivers/STM32F1xx_HAL_Driver/Src/stm32f1xx_hal_uart.o
 .text.UART_Start_Receive_IT
                0x0800313a       0x72 ./Drivers/STM32F1xx_HAL_Driver/Src/stm32f1xx_hal_uart.o
                0x0800313a                UART_Start_Receive_IT
 .text.UART_EndRxTransfer
                0x080031ac       0xc4 ./Drivers/STM32F1xx_HAL_Driver/Src/stm32f1xx_hal_uart.o
 .text.UART_DMAAbortOnError
                0x08003270       0x28 ./Drivers/STM32F1xx_HAL_Driver/Src/stm32f1xx_hal_uart.o
 .text.UART_Transmit_IT
                0x08003298       0x9e ./Drivers/STM32F1xx_HAL_Driver/Src/stm32f1xx_hal_uart.o
 .text.UART_EndTransmit_IT
                0x08003336       0x30 ./Drivers/STM32F1xx_HAL_Driver/Src/stm32f1xx_hal_uart.o
 .text.UART_Receive_IT
                0x08003366      0x17c ./Drivers/STM32F1xx_HAL_Driver/Src/stm32f1xx_hal_uart.o
 *fill*         0x080034e2        0x2 
 .text.UART_SetConfig
                0x080034e4      0x11c ./Drivers/STM32F1xx_HAL_Driver/Src/stm32f1xx_hal_uart.o
 .text.Epaper_Spi_WriteByte
                0x08003600       0x70 ./Libraries/EPD_W21/EPAPER.o
                0x08003600                Epaper_Spi_WriteByte
 .text.Epaper_READBUSY
                0x08003670       0x20 ./Libraries/EPD_W21/EPAPER.o
                0x08003670                Epaper_READBUSY
 .text.Epaper_Write_Command
                0x08003690       0x48 ./Libraries/EPD_W21/EPAPER.o
                0x08003690                Epaper_Write_Command
 .text.Epaper_Write_Data
                0x080036d8       0x48 ./Libraries/EPD_W21/EPAPER.o
                0x080036d8                Epaper_Write_Data
 .text.EPD_HW_Init
                0x08003720       0xfc ./Libraries/EPD_W21/EPAPER.o
                0x08003720                EPD_HW_Init
 .text.EPD_W21_Init
                0x0800381c       0x2c ./Libraries/EPD_W21/EPAPER.o
                0x0800381c                EPD_W21_Init
 .text.EPD_Dis_Part
                0x08003848      0x162 ./Libraries/EPD_W21/EPAPER.o
                0x08003848                EPD_Dis_Part
 .text.EPD_WhiteScreen_Black
                0x080039aa       0x52 ./Libraries/EPD_W21/EPAPER.o
                0x080039aa                EPD_WhiteScreen_Black
 .text.EPD_Update_and_DeepSleep
                0x080039fc       0x3c ./Libraries/EPD_W21/EPAPER.o
                0x080039fc                EPD_Update_and_DeepSleep
 .text.EPD_Part_Update_and_DeepSleep
                0x08003a38       0x30 ./Libraries/EPD_W21/EPAPER.o
                0x08003a38                EPD_Part_Update_and_DeepSleep
 .text.EPD_Dis_ascii_short
                0x08003a68       0x8c ./Libraries/EPD_W21/EPAPER.o
                0x08003a68                EPD_Dis_ascii_short
 .text.EPD_Dis_string
                0x08003af4       0x6a ./Libraries/EPD_W21/EPAPER.o
                0x08003af4                EPD_Dis_string
 *fill*         0x08003b5e        0x2 
 .text.EPD_Dis_power
                0x08003b60       0x3c ./Libraries/EPD_W21/EPAPER.o
                0x08003b60                EPD_Dis_power
 .text.EPD_run_length_decode
                0x08003b9c       0xf6 ./Libraries/EPD_W21/EPAPER.o
                0x08003b9c                EPD_run_length_decode
 *fill*         0x08003c92        0x2 
 .text.ds1032_DATAOUT_init
                0x08003c94       0x5c ./Libraries/ds1302/ds1302.o
                0x08003c94                ds1032_DATAOUT_init
 .text.ds1032_DATAINPUT_init
                0x08003cf0       0x58 ./Libraries/ds1302/ds1302.o
                0x08003cf0                ds1032_DATAINPUT_init
 .text.ds1302_write_onebyte
                0x08003d48       0x80 ./Libraries/ds1302/ds1302.o
                0x08003d48                ds1302_write_onebyte
 .text.ds1302_wirte_rig
                0x08003dc8       0x88 ./Libraries/ds1302/ds1302.o
                0x08003dc8                ds1302_wirte_rig
 .text.ds1302_read_rig
                0x08003e50       0xe4 ./Libraries/ds1302/ds1302.o
                0x08003e50                ds1302_read_rig
 .text.ds1032_update
                0x08003f34       0xb4 ./Libraries/ds1302/ds1302.o
                0x08003f34                ds1032_update
 .text.ds1032_read_time
                0x08003fe8       0x70 ./Libraries/ds1302/ds1302.o
                0x08003fe8                ds1032_read_time
 .text.ds1032_read_realTime
                0x08004058      0x100 ./Libraries/ds1302/ds1302.o
                0x08004058                ds1032_read_realTime
 .text.int_to_bcd
                0x08004158       0x54 ./Libraries/ds1302/ds1302.o
                0x08004158                int_to_bcd
 .text.init     0x080041ac       0x3c ./Libraries/mytasks/task_init.o
                0x080041ac                init
 .text.read     0x080041e8       0xf4 ./Libraries/mytasks/task_read.o
                0x080041e8                read
 .text.run      0x080042dc       0x30 ./Libraries/mytasks/task_run.o
                0x080042dc                run
 .text.isLeapYear
                0x0800430c       0x5c ./Libraries/mytasks/task_run.o
                0x0800430c                isLeapYear
 .text.daysInMonth
                0x08004368       0x88 ./Libraries/mytasks/task_run.o
                0x08004368                daysInMonth
 .text.daysFromBase
                0x080043f0       0x88 ./Libraries/mytasks/task_run.o
                0x080043f0                daysFromBase
 .text.date_diff
                0x08004478       0x64 ./Libraries/mytasks/task_run.o
                0x08004478                date_diff
 .text.update_time
                0x080044dc      0x188 ./Libraries/mytasks/task_run.o
                0x080044dc                update_time
 .text.update_run
                0x08004664      0x478 ./Libraries/mytasks/task_run.o
                0x08004664                update_run
 .text.init_run
                0x08004adc       0x70 ./Libraries/mytasks/task_run.o
                0x08004adc                init_run
 .text.show     0x08004b4c       0x80 ./Libraries/mytasks/task_show.o
                0x08004b4c                show
 .text.init_show
                0x08004bcc      0x2d4 ./Libraries/mytasks/task_show.o
                0x08004bcc                init_show
 .text.update_show
                0x08004ea0      0x2cc ./Libraries/mytasks/task_show.o
                0x08004ea0                update_show
 .text.HAL_UART_RxCpltCallback
                0x0800516c       0x30 ./Libraries/myusart/myusart.o
                0x0800516c                HAL_UART_RxCpltCallback
 .text.osKernelInitialize
                0x0800519c       0x64 ./Middlewares/Third_Party/FreeRTOS/Source/CMSIS_RTOS_V2/cmsis_os2.o
                0x0800519c                osKernelInitialize
 .text.osKernelStart
                0x08005200       0x68 ./Middlewares/Third_Party/FreeRTOS/Source/CMSIS_RTOS_V2/cmsis_os2.o
                0x08005200                osKernelStart
 .text.osThreadNew
                0x08005268      0x154 ./Middlewares/Third_Party/FreeRTOS/Source/CMSIS_RTOS_V2/cmsis_os2.o
                0x08005268                osThreadNew
 .text.osThreadSuspend
                0x080053bc       0x68 ./Middlewares/Third_Party/FreeRTOS/Source/CMSIS_RTOS_V2/cmsis_os2.o
                0x080053bc                osThreadSuspend
 .text.osDelay  0x08005424       0x5c ./Middlewares/Third_Party/FreeRTOS/Source/CMSIS_RTOS_V2/cmsis_os2.o
                0x08005424                osDelay
 .text.TimerCallback
                0x08005480       0x2a ./Middlewares/Third_Party/FreeRTOS/Source/CMSIS_RTOS_V2/cmsis_os2.o
 *fill*         0x080054aa        0x2 
 .text.osTimerNew
                0x080054ac      0x108 ./Middlewares/Third_Party/FreeRTOS/Source/CMSIS_RTOS_V2/cmsis_os2.o
                0x080054ac                osTimerNew
 .text.osEventFlagsNew
                0x080055b4       0xa4 ./Middlewares/Third_Party/FreeRTOS/Source/CMSIS_RTOS_V2/cmsis_os2.o
                0x080055b4                osEventFlagsNew
 .text.osEventFlagsSet
                0x08005658       0xac ./Middlewares/Third_Party/FreeRTOS/Source/CMSIS_RTOS_V2/cmsis_os2.o
                0x08005658                osEventFlagsSet
 .text.osEventFlagsWait
                0x08005704       0xec ./Middlewares/Third_Party/FreeRTOS/Source/CMSIS_RTOS_V2/cmsis_os2.o
                0x08005704                osEventFlagsWait
 .text.osSemaphoreNew
                0x080057f0      0x138 ./Middlewares/Third_Party/FreeRTOS/Source/CMSIS_RTOS_V2/cmsis_os2.o
                0x080057f0                osSemaphoreNew
 .text.osSemaphoreAcquire
                0x08005928       0xcc ./Middlewares/Third_Party/FreeRTOS/Source/CMSIS_RTOS_V2/cmsis_os2.o
                0x08005928                osSemaphoreAcquire
 .text.osSemaphoreRelease
                0x080059f4       0xb0 ./Middlewares/Third_Party/FreeRTOS/Source/CMSIS_RTOS_V2/cmsis_os2.o
                0x080059f4                osSemaphoreRelease
 .text.vApplicationGetIdleTaskMemory
                0x08005aa4       0x30 ./Middlewares/Third_Party/FreeRTOS/Source/CMSIS_RTOS_V2/cmsis_os2.o
                0x08005aa4                vApplicationGetIdleTaskMemory
 .text.vApplicationGetTimerTaskMemory
                0x08005ad4       0x34 ./Middlewares/Third_Party/FreeRTOS/Source/CMSIS_RTOS_V2/cmsis_os2.o
                0x08005ad4                vApplicationGetTimerTaskMemory
 .text.xEventGroupCreateStatic
                0x08005b08       0x72 ./Middlewares/Third_Party/FreeRTOS/Source/event_groups.o
                0x08005b08                xEventGroupCreateStatic
 .text.xEventGroupCreate
                0x08005b7a       0x34 ./Middlewares/Third_Party/FreeRTOS/Source/event_groups.o
                0x08005b7a                xEventGroupCreate
 *fill*         0x08005bae        0x2 
 .text.xEventGroupWaitBits
                0x08005bb0      0x1a4 ./Middlewares/Third_Party/FreeRTOS/Source/event_groups.o
                0x08005bb0                xEventGroupWaitBits
 .text.xEventGroupSetBits
                0x08005d54      0x118 ./Middlewares/Third_Party/FreeRTOS/Source/event_groups.o
                0x08005d54                xEventGroupSetBits
 .text.vEventGroupSetBitsCallback
                0x08005e6c       0x1a ./Middlewares/Third_Party/FreeRTOS/Source/event_groups.o
                0x08005e6c                vEventGroupSetBitsCallback
 .text.prvTestWaitCondition
                0x08005e86       0x42 ./Middlewares/Third_Party/FreeRTOS/Source/event_groups.o
 .text.xEventGroupSetBitsFromISR
                0x08005ec8       0x28 ./Middlewares/Third_Party/FreeRTOS/Source/event_groups.o
                0x08005ec8                xEventGroupSetBitsFromISR
 .text.vListInitialise
                0x08005ef0       0x3e ./Middlewares/Third_Party/FreeRTOS/Source/list.o
                0x08005ef0                vListInitialise
 .text.vListInitialiseItem
                0x08005f2e       0x18 ./Middlewares/Third_Party/FreeRTOS/Source/list.o
                0x08005f2e                vListInitialiseItem
 .text.vListInsertEnd
                0x08005f46       0x46 ./Middlewares/Third_Party/FreeRTOS/Source/list.o
                0x08005f46                vListInsertEnd
 .text.vListInsert
                0x08005f8c       0x70 ./Middlewares/Third_Party/FreeRTOS/Source/list.o
                0x08005f8c                vListInsert
 .text.uxListRemove
                0x08005ffc       0x52 ./Middlewares/Third_Party/FreeRTOS/Source/list.o
                0x08005ffc                uxListRemove
 *fill*         0x0800604e        0x2 
 .text.xQueueGenericReset
                0x08006050       0xd4 ./Middlewares/Third_Party/FreeRTOS/Source/queue.o
                0x08006050                xQueueGenericReset
 .text.xQueueGenericCreateStatic
                0x08006124       0xf8 ./Middlewares/Third_Party/FreeRTOS/Source/queue.o
                0x08006124                xQueueGenericCreateStatic
 .text.xQueueGenericCreate
                0x0800621c       0x7e ./Middlewares/Third_Party/FreeRTOS/Source/queue.o
                0x0800621c                xQueueGenericCreate
 .text.prvInitialiseNewQueue
                0x0800629a       0x46 ./Middlewares/Third_Party/FreeRTOS/Source/queue.o
 .text.xQueueCreateCountingSemaphoreStatic
                0x080062e0       0x72 ./Middlewares/Third_Party/FreeRTOS/Source/queue.o
                0x080062e0                xQueueCreateCountingSemaphoreStatic
 .text.xQueueCreateCountingSemaphore
                0x08006352       0x6a ./Middlewares/Third_Party/FreeRTOS/Source/queue.o
                0x08006352                xQueueCreateCountingSemaphore
 .text.xQueueGenericSend
                0x080063bc      0x204 ./Middlewares/Third_Party/FreeRTOS/Source/queue.o
                0x080063bc                xQueueGenericSend
 .text.xQueueGenericSendFromISR
                0x080065c0      0x136 ./Middlewares/Third_Party/FreeRTOS/Source/queue.o
                0x080065c0                xQueueGenericSendFromISR
 .text.xQueueGiveFromISR
                0x080066f6      0x120 ./Middlewares/Third_Party/FreeRTOS/Source/queue.o
                0x080066f6                xQueueGiveFromISR
 *fill*         0x08006816        0x2 
 .text.xQueueReceive
                0x08006818      0x1c4 ./Middlewares/Third_Party/FreeRTOS/Source/queue.o
                0x08006818                xQueueReceive
 .text.xQueueSemaphoreTake
                0x080069dc      0x220 ./Middlewares/Third_Party/FreeRTOS/Source/queue.o
                0x080069dc                xQueueSemaphoreTake
 .text.xQueueReceiveFromISR
                0x08006bfc      0x104 ./Middlewares/Third_Party/FreeRTOS/Source/queue.o
                0x08006bfc                xQueueReceiveFromISR
 .text.vQueueDelete
                0x08006d00       0x48 ./Middlewares/Third_Party/FreeRTOS/Source/queue.o
                0x08006d00                vQueueDelete
 .text.prvGetDisinheritPriorityAfterTimeout
                0x08006d48       0x2e ./Middlewares/Third_Party/FreeRTOS/Source/queue.o
 .text.prvCopyDataToQueue
                0x08006d76       0xd4 ./Middlewares/Third_Party/FreeRTOS/Source/queue.o
 .text.prvCopyDataFromQueue
                0x08006e4a       0x4c ./Middlewares/Third_Party/FreeRTOS/Source/queue.o
 .text.prvUnlockQueue
                0x08006e96       0xa4 ./Middlewares/Third_Party/FreeRTOS/Source/queue.o
 .text.prvIsQueueEmpty
                0x08006f3a       0x2c ./Middlewares/Third_Party/FreeRTOS/Source/queue.o
 .text.prvIsQueueFull
                0x08006f66       0x30 ./Middlewares/Third_Party/FreeRTOS/Source/queue.o
 *fill*         0x08006f96        0x2 
 .text.vQueueAddToRegistry
                0x08006f98       0x50 ./Middlewares/Third_Party/FreeRTOS/Source/queue.o
                0x08006f98                vQueueAddToRegistry
 .text.vQueueUnregisterQueue
                0x08006fe8       0x54 ./Middlewares/Third_Party/FreeRTOS/Source/queue.o
                0x08006fe8                vQueueUnregisterQueue
 .text.vQueueWaitForMessageRestricted
                0x0800703c       0x68 ./Middlewares/Third_Party/FreeRTOS/Source/queue.o
                0x0800703c                vQueueWaitForMessageRestricted
 .text.xTaskCreateStatic
                0x080070a4       0xbe ./Middlewares/Third_Party/FreeRTOS/Source/tasks.o
                0x080070a4                xTaskCreateStatic
 .text.xTaskCreate
                0x08007162       0x8a ./Middlewares/Third_Party/FreeRTOS/Source/tasks.o
                0x08007162                xTaskCreate
 .text.prvInitialiseNewTask
                0x080071ec      0x140 ./Middlewares/Third_Party/FreeRTOS/Source/tasks.o
 .text.prvAddNewTaskToReadyList
                0x0800732c       0xe0 ./Middlewares/Third_Party/FreeRTOS/Source/tasks.o
 .text.vTaskDelay
                0x0800740c       0x6c ./Middlewares/Third_Party/FreeRTOS/Source/tasks.o
                0x0800740c                vTaskDelay
 .text.vTaskSuspend
                0x08007478       0xec ./Middlewares/Third_Party/FreeRTOS/Source/tasks.o
                0x08007478                vTaskSuspend
 .text.vTaskStartScheduler
                0x08007564       0xe0 ./Middlewares/Third_Party/FreeRTOS/Source/tasks.o
                0x08007564                vTaskStartScheduler
 .text.vTaskSuspendAll
                0x08007644       0x1c ./Middlewares/Third_Party/FreeRTOS/Source/tasks.o
                0x08007644                vTaskSuspendAll
 .text.xTaskResumeAll
                0x08007660      0x13c ./Middlewares/Third_Party/FreeRTOS/Source/tasks.o
                0x08007660                xTaskResumeAll
 .text.xTaskGetTickCount
                0x0800779c       0x1c ./Middlewares/Third_Party/FreeRTOS/Source/tasks.o
                0x0800779c                xTaskGetTickCount
 .text.xTaskIncrementTick
                0x080077b8      0x180 ./Middlewares/Third_Party/FreeRTOS/Source/tasks.o
                0x080077b8                xTaskIncrementTick
 .text.vTaskSwitchContext
                0x08007938       0xc8 ./Middlewares/Third_Party/FreeRTOS/Source/tasks.o
                0x08007938                vTaskSwitchContext
 .text.vTaskPlaceOnEventList
                0x08007a00       0x4c ./Middlewares/Third_Party/FreeRTOS/Source/tasks.o
                0x08007a00                vTaskPlaceOnEventList
 .text.vTaskPlaceOnUnorderedEventList
                0x08007a4c       0x7c ./Middlewares/Third_Party/FreeRTOS/Source/tasks.o
                0x08007a4c                vTaskPlaceOnUnorderedEventList
 .text.vTaskPlaceOnEventListRestricted
                0x08007ac8       0x58 ./Middlewares/Third_Party/FreeRTOS/Source/tasks.o
                0x08007ac8                vTaskPlaceOnEventListRestricted
 .text.xTaskRemoveFromEventList
                0x08007b20       0xc8 ./Middlewares/Third_Party/FreeRTOS/Source/tasks.o
                0x08007b20                xTaskRemoveFromEventList
 .text.vTaskRemoveFromUnorderedEventList
                0x08007be8       0xc8 ./Middlewares/Third_Party/FreeRTOS/Source/tasks.o
                0x08007be8                vTaskRemoveFromUnorderedEventList
 .text.vTaskInternalSetTimeOutState
                0x08007cb0       0x2c ./Middlewares/Third_Party/FreeRTOS/Source/tasks.o
                0x08007cb0                vTaskInternalSetTimeOutState
 .text.xTaskCheckForTimeOut
                0x08007cdc       0xc8 ./Middlewares/Third_Party/FreeRTOS/Source/tasks.o
                0x08007cdc                xTaskCheckForTimeOut
 .text.vTaskMissedYield
                0x08007da4       0x18 ./Middlewares/Third_Party/FreeRTOS/Source/tasks.o
                0x08007da4                vTaskMissedYield
 .text.prvIdleTask
                0x08007dbc       0x30 ./Middlewares/Third_Party/FreeRTOS/Source/tasks.o
 .text.prvInitialiseTaskLists
                0x08007dec       0x80 ./Middlewares/Third_Party/FreeRTOS/Source/tasks.o
 .text.prvCheckTasksWaitingTermination
                0x08007e6c       0x5c ./Middlewares/Third_Party/FreeRTOS/Source/tasks.o
 .text.prvDeleteTCB
                0x08007ec8       0x6a ./Middlewares/Third_Party/FreeRTOS/Source/tasks.o
 *fill*         0x08007f32        0x2 
 .text.prvResetNextTaskUnblockTime
                0x08007f34       0x48 ./Middlewares/Third_Party/FreeRTOS/Source/tasks.o
 .text.xTaskGetSchedulerState
                0x08007f7c       0x3c ./Middlewares/Third_Party/FreeRTOS/Source/tasks.o
                0x08007f7c                xTaskGetSchedulerState
 .text.xTaskPriorityInherit
                0x08007fb8       0xdc ./Middlewares/Third_Party/FreeRTOS/Source/tasks.o
                0x08007fb8                xTaskPriorityInherit
 .text.xTaskPriorityDisinherit
                0x08008094       0xe0 ./Middlewares/Third_Party/FreeRTOS/Source/tasks.o
                0x08008094                xTaskPriorityDisinherit
 .text.vTaskPriorityDisinheritAfterTimeout
                0x08008174      0x110 ./Middlewares/Third_Party/FreeRTOS/Source/tasks.o
                0x08008174                vTaskPriorityDisinheritAfterTimeout
 .text.uxTaskResetEventItemValue
                0x08008284       0x30 ./Middlewares/Third_Party/FreeRTOS/Source/tasks.o
                0x08008284                uxTaskResetEventItemValue
 .text.pvTaskIncrementMutexHeldCount
                0x080082b4       0x28 ./Middlewares/Third_Party/FreeRTOS/Source/tasks.o
                0x080082b4                pvTaskIncrementMutexHeldCount
 .text.prvAddCurrentTaskToDelayedList
                0x080082dc       0xa8 ./Middlewares/Third_Party/FreeRTOS/Source/tasks.o
 .text.xTimerCreateTimerTask
                0x08008384       0x94 ./Middlewares/Third_Party/FreeRTOS/Source/timers.o
                0x08008384                xTimerCreateTimerTask
 .text.xTimerCreate
                0x08008418       0x42 ./Middlewares/Third_Party/FreeRTOS/Source/timers.o
                0x08008418                xTimerCreate
 .text.xTimerCreateStatic
                0x0800845a       0x7e ./Middlewares/Third_Party/FreeRTOS/Source/timers.o
                0x0800845a                xTimerCreateStatic
 .text.prvInitialiseNewTimer
                0x080084d8       0x66 ./Middlewares/Third_Party/FreeRTOS/Source/timers.o
 *fill*         0x0800853e        0x2 
 .text.xTimerGenericCommand
                0x08008540       0x9c ./Middlewares/Third_Party/FreeRTOS/Source/timers.o
                0x08008540                xTimerGenericCommand
 .text.prvProcessExpiredTimer
                0x080085dc       0x84 ./Middlewares/Third_Party/FreeRTOS/Source/timers.o
 .text.prvTimerTask
                0x08008660       0x26 ./Middlewares/Third_Party/FreeRTOS/Source/timers.o
 *fill*         0x08008686        0x2 
 .text.prvProcessTimerOrBlockTask
                0x08008688       0x9c ./Middlewares/Third_Party/FreeRTOS/Source/timers.o
 .text.prvGetNextExpireTime
                0x08008724       0x48 ./Middlewares/Third_Party/FreeRTOS/Source/timers.o
 .text.prvSampleTimeNow
                0x0800876c       0x40 ./Middlewares/Third_Party/FreeRTOS/Source/timers.o
 .text.prvInsertTimerInActiveList
                0x080087ac       0x84 ./Middlewares/Third_Party/FreeRTOS/Source/timers.o
 .text.prvProcessReceivedCommands
                0x08008830      0x178 ./Middlewares/Third_Party/FreeRTOS/Source/timers.o
 .text.prvSwitchTimerLists
                0x080089a8       0xc4 ./Middlewares/Third_Party/FreeRTOS/Source/timers.o
 .text.prvCheckForValidListAndQueue
                0x08008a6c       0x80 ./Middlewares/Third_Party/FreeRTOS/Source/timers.o
 .text.pvTimerGetTimerID
                0x08008aec       0x42 ./Middlewares/Third_Party/FreeRTOS/Source/timers.o
                0x08008aec                pvTimerGetTimerID
 *fill*         0x08008b2e        0x2 
 .text.xTimerPendFunctionCallFromISR
                0x08008b30       0x40 ./Middlewares/Third_Party/FreeRTOS/Source/timers.o
                0x08008b30                xTimerPendFunctionCallFromISR
 .text.pxPortInitialiseStack
                0x08008b70       0x58 ./Middlewares/Third_Party/FreeRTOS/Source/portable/GCC/ARM_CM3/port.o
                0x08008b70                pxPortInitialiseStack
 .text.prvTaskExitError
                0x08008bc8       0x58 ./Middlewares/Third_Party/FreeRTOS/Source/portable/GCC/ARM_CM3/port.o
 .text.SVC_Handler
                0x08008c20       0x28 ./Middlewares/Third_Party/FreeRTOS/Source/portable/GCC/ARM_CM3/port.o
                0x08008c20                SVC_Handler
 .text.prvPortStartFirstTask
                0x08008c48       0x20 ./Middlewares/Third_Party/FreeRTOS/Source/portable/GCC/ARM_CM3/port.o
 .text.xPortStartScheduler
                0x08008c68       0xe4 ./Middlewares/Third_Party/FreeRTOS/Source/portable/GCC/ARM_CM3/port.o
                0x08008c68                xPortStartScheduler
 .text.vPortEnterCritical
                0x08008d4c       0x60 ./Middlewares/Third_Party/FreeRTOS/Source/portable/GCC/ARM_CM3/port.o
                0x08008d4c                vPortEnterCritical
 .text.vPortExitCritical
                0x08008dac       0x54 ./Middlewares/Third_Party/FreeRTOS/Source/portable/GCC/ARM_CM3/port.o
                0x08008dac                vPortExitCritical
 .text.PendSV_Handler
                0x08008e00       0x48 ./Middlewares/Third_Party/FreeRTOS/Source/portable/GCC/ARM_CM3/port.o
                0x08008e00                PendSV_Handler
 .text.SysTick_Handler
                0x08008e48       0x44 ./Middlewares/Third_Party/FreeRTOS/Source/portable/GCC/ARM_CM3/port.o
                0x08008e48                SysTick_Handler
 .text.vPortSetupTimerInterrupt
                0x08008e8c       0x44 ./Middlewares/Third_Party/FreeRTOS/Source/portable/GCC/ARM_CM3/port.o
                0x08008e8c                vPortSetupTimerInterrupt
 .text.vPortValidateInterruptPriority
                0x08008ed0       0x80 ./Middlewares/Third_Party/FreeRTOS/Source/portable/GCC/ARM_CM3/port.o
                0x08008ed0                vPortValidateInterruptPriority
 .text.pvPortMalloc
                0x08008f50      0x190 ./Middlewares/Third_Party/FreeRTOS/Source/portable/MemMang/heap_4.o
                0x08008f50                pvPortMalloc
 .text.vPortFree
                0x080090e0       0xb8 ./Middlewares/Third_Party/FreeRTOS/Source/portable/MemMang/heap_4.o
                0x080090e0                vPortFree
 .text.prvHeapInit
                0x08009198       0xc4 ./Middlewares/Third_Party/FreeRTOS/Source/portable/MemMang/heap_4.o
 .text.prvInsertBlockIntoFreeList
                0x0800925c       0xb0 ./Middlewares/Third_Party/FreeRTOS/Source/portable/MemMang/heap_4.o
 .text.__itoa   0x0800930c       0x30 D:/ST/STM32CubeIDE_1.16.1/STM32CubeIDE/plugins/com.st.stm32cube.ide.mcu.externaltools.gnu-tools-for-stm32.12.3.rel1.win32_1.0.200.202406191623/tools/bin/../lib/gcc/arm-none-eabi/12.3.1/../../../../arm-none-eabi/lib/thumb/v7-m/nofp\libc_nano.a(libc_a-itoa.o)
                0x0800930c                __itoa
 .text.itoa     0x0800933c        0x4 D:/ST/STM32CubeIDE_1.16.1/STM32CubeIDE/plugins/com.st.stm32cube.ide.mcu.externaltools.gnu-tools-for-stm32.12.3.rel1.win32_1.0.200.202406191623/tools/bin/../lib/gcc/arm-none-eabi/12.3.1/../../../../arm-none-eabi/lib/thumb/v7-m/nofp\libc_nano.a(libc_a-itoa.o)
                0x0800933c                itoa
 .text.__utoa   0x08009340       0x84 D:/ST/STM32CubeIDE_1.16.1/STM32CubeIDE/plugins/com.st.stm32cube.ide.mcu.externaltools.gnu-tools-for-stm32.12.3.rel1.win32_1.0.200.202406191623/tools/bin/../lib/gcc/arm-none-eabi/12.3.1/../../../../arm-none-eabi/lib/thumb/v7-m/nofp\libc_nano.a(libc_a-utoa.o)
                0x08009340                __utoa
 .text.__cvt    0x080093c4       0xc8 D:/ST/STM32CubeIDE_1.16.1/STM32CubeIDE/plugins/com.st.stm32cube.ide.mcu.externaltools.gnu-tools-for-stm32.12.3.rel1.win32_1.0.200.202406191623/tools/bin/../lib/gcc/arm-none-eabi/12.3.1/../../../../arm-none-eabi/lib/thumb/v7-m/nofp\libc_nano.a(libc_a-nano-vfprintf_float.o)
                0x080093c4                __cvt
 .text.__exponent
                0x0800948c       0x74 D:/ST/STM32CubeIDE_1.16.1/STM32CubeIDE/plugins/com.st.stm32cube.ide.mcu.externaltools.gnu-tools-for-stm32.12.3.rel1.win32_1.0.200.202406191623/tools/bin/../lib/gcc/arm-none-eabi/12.3.1/../../../../arm-none-eabi/lib/thumb/v7-m/nofp\libc_nano.a(libc_a-nano-vfprintf_float.o)
                0x0800948c                __exponent
 .text._printf_float
                0x08009500      0x458 D:/ST/STM32CubeIDE_1.16.1/STM32CubeIDE/plugins/com.st.stm32cube.ide.mcu.externaltools.gnu-tools-for-stm32.12.3.rel1.win32_1.0.200.202406191623/tools/bin/../lib/gcc/arm-none-eabi/12.3.1/../../../../arm-none-eabi/lib/thumb/v7-m/nofp\libc_nano.a(libc_a-nano-vfprintf_float.o)
                0x08009500                _printf_float
 .text._printf_common
                0x08009958       0xe4 D:/ST/STM32CubeIDE_1.16.1/STM32CubeIDE/plugins/com.st.stm32cube.ide.mcu.externaltools.gnu-tools-for-stm32.12.3.rel1.win32_1.0.200.202406191623/tools/bin/../lib/gcc/arm-none-eabi/12.3.1/../../../../arm-none-eabi/lib/thumb/v7-m/nofp\libc_nano.a(libc_a-nano-vfprintf_i.o)
                0x08009958                _printf_common
 .text._printf_i
                0x08009a3c      0x240 D:/ST/STM32CubeIDE_1.16.1/STM32CubeIDE/plugins/com.st.stm32cube.ide.mcu.externaltools.gnu-tools-for-stm32.12.3.rel1.win32_1.0.200.202406191623/tools/bin/../lib/gcc/arm-none-eabi/12.3.1/../../../../arm-none-eabi/lib/thumb/v7-m/nofp\libc_nano.a(libc_a-nano-vfprintf_i.o)
                0x08009a3c                _printf_i
 .text._scanf_float
                0x08009c7c      0x420 D:/ST/STM32CubeIDE_1.16.1/STM32CubeIDE/plugins/com.st.stm32cube.ide.mcu.externaltools.gnu-tools-for-stm32.12.3.rel1.win32_1.0.200.202406191623/tools/bin/../lib/gcc/arm-none-eabi/12.3.1/../../../../arm-none-eabi/lib/thumb/v7-m/nofp\libc_nano.a(libc_a-nano-vfscanf_float.o)
                0x08009c7c                _scanf_float
 .text.std      0x0800a09c       0x6c D:/ST/STM32CubeIDE_1.16.1/STM32CubeIDE/plugins/com.st.stm32cube.ide.mcu.externaltools.gnu-tools-for-stm32.12.3.rel1.win32_1.0.200.202406191623/tools/bin/../lib/gcc/arm-none-eabi/12.3.1/../../../../arm-none-eabi/lib/thumb/v7-m/nofp\libc_nano.a(libc_a-findfp.o)
 .text.stdio_exit_handler
                0x0800a108       0x18 D:/ST/STM32CubeIDE_1.16.1/STM32CubeIDE/plugins/com.st.stm32cube.ide.mcu.externaltools.gnu-tools-for-stm32.12.3.rel1.win32_1.0.200.202406191623/tools/bin/../lib/gcc/arm-none-eabi/12.3.1/../../../../arm-none-eabi/lib/thumb/v7-m/nofp\libc_nano.a(libc_a-findfp.o)
 .text.cleanup_stdio
                0x0800a120       0x40 D:/ST/STM32CubeIDE_1.16.1/STM32CubeIDE/plugins/com.st.stm32cube.ide.mcu.externaltools.gnu-tools-for-stm32.12.3.rel1.win32_1.0.200.202406191623/tools/bin/../lib/gcc/arm-none-eabi/12.3.1/../../../../arm-none-eabi/lib/thumb/v7-m/nofp\libc_nano.a(libc_a-findfp.o)
 .text.global_stdio_init.part.0
                0x0800a160       0x3c D:/ST/STM32CubeIDE_1.16.1/STM32CubeIDE/plugins/com.st.stm32cube.ide.mcu.externaltools.gnu-tools-for-stm32.12.3.rel1.win32_1.0.200.202406191623/tools/bin/../lib/gcc/arm-none-eabi/12.3.1/../../../../arm-none-eabi/lib/thumb/v7-m/nofp\libc_nano.a(libc_a-findfp.o)
 .text.__sfp_lock_acquire
                0x0800a19c        0xc D:/ST/STM32CubeIDE_1.16.1/STM32CubeIDE/plugins/com.st.stm32cube.ide.mcu.externaltools.gnu-tools-for-stm32.12.3.rel1.win32_1.0.200.202406191623/tools/bin/../lib/gcc/arm-none-eabi/12.3.1/../../../../arm-none-eabi/lib/thumb/v7-m/nofp\libc_nano.a(libc_a-findfp.o)
                0x0800a19c                __sfp_lock_acquire
 .text.__sfp_lock_release
                0x0800a1a8        0xc D:/ST/STM32CubeIDE_1.16.1/STM32CubeIDE/plugins/com.st.stm32cube.ide.mcu.externaltools.gnu-tools-for-stm32.12.3.rel1.win32_1.0.200.202406191623/tools/bin/../lib/gcc/arm-none-eabi/12.3.1/../../../../arm-none-eabi/lib/thumb/v7-m/nofp\libc_nano.a(libc_a-findfp.o)
                0x0800a1a8                __sfp_lock_release
 .text.__sinit  0x0800a1b4       0x30 D:/ST/STM32CubeIDE_1.16.1/STM32CubeIDE/plugins/com.st.stm32cube.ide.mcu.externaltools.gnu-tools-for-stm32.12.3.rel1.win32_1.0.200.202406191623/tools/bin/../lib/gcc/arm-none-eabi/12.3.1/../../../../arm-none-eabi/lib/thumb/v7-m/nofp\libc_nano.a(libc_a-findfp.o)
                0x0800a1b4                __sinit
 .text._fwalk_sglue
                0x0800a1e4       0x3c D:/ST/STM32CubeIDE_1.16.1/STM32CubeIDE/plugins/com.st.stm32cube.ide.mcu.externaltools.gnu-tools-for-stm32.12.3.rel1.win32_1.0.200.202406191623/tools/bin/../lib/gcc/arm-none-eabi/12.3.1/../../../../arm-none-eabi/lib/thumb/v7-m/nofp\libc_nano.a(libc_a-fwalk.o)
                0x0800a1e4                _fwalk_sglue
 .text.printf   0x0800a220       0x24 D:/ST/STM32CubeIDE_1.16.1/STM32CubeIDE/plugins/com.st.stm32cube.ide.mcu.externaltools.gnu-tools-for-stm32.12.3.rel1.win32_1.0.200.202406191623/tools/bin/../lib/gcc/arm-none-eabi/12.3.1/../../../../arm-none-eabi/lib/thumb/v7-m/nofp\libc_nano.a(libc_a-printf.o)
                0x0800a220                iprintf
                0x0800a220                printf
 .text._puts_r  0x0800a244       0xaa D:/ST/STM32CubeIDE_1.16.1/STM32CubeIDE/plugins/com.st.stm32cube.ide.mcu.externaltools.gnu-tools-for-stm32.12.3.rel1.win32_1.0.200.202406191623/tools/bin/../lib/gcc/arm-none-eabi/12.3.1/../../../../arm-none-eabi/lib/thumb/v7-m/nofp\libc_nano.a(libc_a-puts.o)
                0x0800a244                _puts_r
 *fill*         0x0800a2ee        0x2 
 .text.puts     0x0800a2f0       0x10 D:/ST/STM32CubeIDE_1.16.1/STM32CubeIDE/plugins/com.st.stm32cube.ide.mcu.externaltools.gnu-tools-for-stm32.12.3.rel1.win32_1.0.200.202406191623/tools/bin/../lib/gcc/arm-none-eabi/12.3.1/../../../../arm-none-eabi/lib/thumb/v7-m/nofp\libc_nano.a(libc_a-puts.o)
                0x0800a2f0                puts
 .text.sprintf  0x0800a300       0x40 D:/ST/STM32CubeIDE_1.16.1/STM32CubeIDE/plugins/com.st.stm32cube.ide.mcu.externaltools.gnu-tools-for-stm32.12.3.rel1.win32_1.0.200.202406191623/tools/bin/../lib/gcc/arm-none-eabi/12.3.1/../../../../arm-none-eabi/lib/thumb/v7-m/nofp\libc_nano.a(libc_a-sprintf.o)
                0x0800a300                siprintf
                0x0800a300                sprintf
 .text.__sread  0x0800a340       0x22 D:/ST/STM32CubeIDE_1.16.1/STM32CubeIDE/plugins/com.st.stm32cube.ide.mcu.externaltools.gnu-tools-for-stm32.12.3.rel1.win32_1.0.200.202406191623/tools/bin/../lib/gcc/arm-none-eabi/12.3.1/../../../../arm-none-eabi/lib/thumb/v7-m/nofp\libc_nano.a(libc_a-stdio.o)
                0x0800a340                __sread
 .text.__swrite
                0x0800a362       0x38 D:/ST/STM32CubeIDE_1.16.1/STM32CubeIDE/plugins/com.st.stm32cube.ide.mcu.externaltools.gnu-tools-for-stm32.12.3.rel1.win32_1.0.200.202406191623/tools/bin/../lib/gcc/arm-none-eabi/12.3.1/../../../../arm-none-eabi/lib/thumb/v7-m/nofp\libc_nano.a(libc_a-stdio.o)
                0x0800a362                __swrite
 .text.__sseek  0x0800a39a       0x24 D:/ST/STM32CubeIDE_1.16.1/STM32CubeIDE/plugins/com.st.stm32cube.ide.mcu.externaltools.gnu-tools-for-stm32.12.3.rel1.win32_1.0.200.202406191623/tools/bin/../lib/gcc/arm-none-eabi/12.3.1/../../../../arm-none-eabi/lib/thumb/v7-m/nofp\libc_nano.a(libc_a-stdio.o)
                0x0800a39a                __sseek
 .text.__sclose
                0x0800a3be        0x8 D:/ST/STM32CubeIDE_1.16.1/STM32CubeIDE/plugins/com.st.stm32cube.ide.mcu.externaltools.gnu-tools-for-stm32.12.3.rel1.win32_1.0.200.202406191623/tools/bin/../lib/gcc/arm-none-eabi/12.3.1/../../../../arm-none-eabi/lib/thumb/v7-m/nofp\libc_nano.a(libc_a-stdio.o)
                0x0800a3be                __sclose
 .text.__swbuf_r
                0x0800a3c6       0x7c D:/ST/STM32CubeIDE_1.16.1/STM32CubeIDE/plugins/com.st.stm32cube.ide.mcu.externaltools.gnu-tools-for-stm32.12.3.rel1.win32_1.0.200.202406191623/tools/bin/../lib/gcc/arm-none-eabi/12.3.1/../../../../arm-none-eabi/lib/thumb/v7-m/nofp\libc_nano.a(libc_a-wbuf.o)
                0x0800a3c6                __swbuf_r
 *fill*         0x0800a442        0x2 
 .text.__swsetup_r
                0x0800a444       0xac D:/ST/STM32CubeIDE_1.16.1/STM32CubeIDE/plugins/com.st.stm32cube.ide.mcu.externaltools.gnu-tools-for-stm32.12.3.rel1.win32_1.0.200.202406191623/tools/bin/../lib/gcc/arm-none-eabi/12.3.1/../../../../arm-none-eabi/lib/thumb/v7-m/nofp\libc_nano.a(libc_a-wsetup.o)
                0x0800a444                __swsetup_r
 .text.memset   0x0800a4f0       0x10 D:/ST/STM32CubeIDE_1.16.1/STM32CubeIDE/plugins/com.st.stm32cube.ide.mcu.externaltools.gnu-tools-for-stm32.12.3.rel1.win32_1.0.200.202406191623/tools/bin/../lib/gcc/arm-none-eabi/12.3.1/../../../../arm-none-eabi/lib/thumb/v7-m/nofp\libc_nano.a(libc_a-memset.o)
                0x0800a4f0                memset
 .text._localeconv_r
                0x0800a500        0x8 D:/ST/STM32CubeIDE_1.16.1/STM32CubeIDE/plugins/com.st.stm32cube.ide.mcu.externaltools.gnu-tools-for-stm32.12.3.rel1.win32_1.0.200.202406191623/tools/bin/../lib/gcc/arm-none-eabi/12.3.1/../../../../arm-none-eabi/lib/thumb/v7-m/nofp\libc_nano.a(libc_a-localeconv.o)
                0x0800a500                _localeconv_r
 .text._close_r
                0x0800a508       0x20 D:/ST/STM32CubeIDE_1.16.1/STM32CubeIDE/plugins/com.st.stm32cube.ide.mcu.externaltools.gnu-tools-for-stm32.12.3.rel1.win32_1.0.200.202406191623/tools/bin/../lib/gcc/arm-none-eabi/12.3.1/../../../../arm-none-eabi/lib/thumb/v7-m/nofp\libc_nano.a(libc_a-closer.o)
                0x0800a508                _close_r
 .text._reclaim_reent
                0x0800a528       0xac D:/ST/STM32CubeIDE_1.16.1/STM32CubeIDE/plugins/com.st.stm32cube.ide.mcu.externaltools.gnu-tools-for-stm32.12.3.rel1.win32_1.0.200.202406191623/tools/bin/../lib/gcc/arm-none-eabi/12.3.1/../../../../arm-none-eabi/lib/thumb/v7-m/nofp\libc_nano.a(libc_a-reent.o)
                0x0800a528                _reclaim_reent
 .text._lseek_r
                0x0800a5d4       0x24 D:/ST/STM32CubeIDE_1.16.1/STM32CubeIDE/plugins/com.st.stm32cube.ide.mcu.externaltools.gnu-tools-for-stm32.12.3.rel1.win32_1.0.200.202406191623/tools/bin/../lib/gcc/arm-none-eabi/12.3.1/../../../../arm-none-eabi/lib/thumb/v7-m/nofp\libc_nano.a(libc_a-lseekr.o)
                0x0800a5d4                _lseek_r
 .text._read_r  0x0800a5f8       0x24 D:/ST/STM32CubeIDE_1.16.1/STM32CubeIDE/plugins/com.st.stm32cube.ide.mcu.externaltools.gnu-tools-for-stm32.12.3.rel1.win32_1.0.200.202406191623/tools/bin/../lib/gcc/arm-none-eabi/12.3.1/../../../../arm-none-eabi/lib/thumb/v7-m/nofp\libc_nano.a(libc_a-readr.o)
                0x0800a5f8                _read_r
 .text._write_r
                0x0800a61c       0x24 D:/ST/STM32CubeIDE_1.16.1/STM32CubeIDE/plugins/com.st.stm32cube.ide.mcu.externaltools.gnu-tools-for-stm32.12.3.rel1.win32_1.0.200.202406191623/tools/bin/../lib/gcc/arm-none-eabi/12.3.1/../../../../arm-none-eabi/lib/thumb/v7-m/nofp\libc_nano.a(libc_a-writer.o)
                0x0800a61c                _write_r
 .text.__errno  0x0800a640        0xc D:/ST/STM32CubeIDE_1.16.1/STM32CubeIDE/plugins/com.st.stm32cube.ide.mcu.externaltools.gnu-tools-for-stm32.12.3.rel1.win32_1.0.200.202406191623/tools/bin/../lib/gcc/arm-none-eabi/12.3.1/../../../../arm-none-eabi/lib/thumb/v7-m/nofp\libc_nano.a(libc_a-errno.o)
                0x0800a640                __errno
 .text.__libc_init_array
                0x0800a64c       0x48 D:/ST/STM32CubeIDE_1.16.1/STM32CubeIDE/plugins/com.st.stm32cube.ide.mcu.externaltools.gnu-tools-for-stm32.12.3.rel1.win32_1.0.200.202406191623/tools/bin/../lib/gcc/arm-none-eabi/12.3.1/../../../../arm-none-eabi/lib/thumb/v7-m/nofp\libc_nano.a(libc_a-init.o)
                0x0800a64c                __libc_init_array
 .text.__retarget_lock_init_recursive
                0x0800a694        0x2 D:/ST/STM32CubeIDE_1.16.1/STM32CubeIDE/plugins/com.st.stm32cube.ide.mcu.externaltools.gnu-tools-for-stm32.12.3.rel1.win32_1.0.200.202406191623/tools/bin/../lib/gcc/arm-none-eabi/12.3.1/../../../../arm-none-eabi/lib/thumb/v7-m/nofp\libc_nano.a(libc_a-lock.o)
                0x0800a694                __retarget_lock_init_recursive
 .text.__retarget_lock_acquire_recursive
                0x0800a696        0x2 D:/ST/STM32CubeIDE_1.16.1/STM32CubeIDE/plugins/com.st.stm32cube.ide.mcu.externaltools.gnu-tools-for-stm32.12.3.rel1.win32_1.0.200.202406191623/tools/bin/../lib/gcc/arm-none-eabi/12.3.1/../../../../arm-none-eabi/lib/thumb/v7-m/nofp\libc_nano.a(libc_a-lock.o)
                0x0800a696                __retarget_lock_acquire_recursive
 .text.__retarget_lock_release_recursive
                0x0800a698        0x2 D:/ST/STM32CubeIDE_1.16.1/STM32CubeIDE/plugins/com.st.stm32cube.ide.mcu.externaltools.gnu-tools-for-stm32.12.3.rel1.win32_1.0.200.202406191623/tools/bin/../lib/gcc/arm-none-eabi/12.3.1/../../../../arm-none-eabi/lib/thumb/v7-m/nofp\libc_nano.a(libc_a-lock.o)
                0x0800a698                __retarget_lock_release_recursive
 .text.memchr   0x0800a69a       0x1c D:/ST/STM32CubeIDE_1.16.1/STM32CubeIDE/plugins/com.st.stm32cube.ide.mcu.externaltools.gnu-tools-for-stm32.12.3.rel1.win32_1.0.200.202406191623/tools/bin/../lib/gcc/arm-none-eabi/12.3.1/../../../../arm-none-eabi/lib/thumb/v7-m/nofp\libc_nano.a(libc_a-memchr-stub.o)
                0x0800a69a                memchr
 .text.memcpy   0x0800a6b6       0x1c D:/ST/STM32CubeIDE_1.16.1/STM32CubeIDE/plugins/com.st.stm32cube.ide.mcu.externaltools.gnu-tools-for-stm32.12.3.rel1.win32_1.0.200.202406191623/tools/bin/../lib/gcc/arm-none-eabi/12.3.1/../../../../arm-none-eabi/lib/thumb/v7-m/nofp\libc_nano.a(libc_a-memcpy-stub.o)
                0x0800a6b6                memcpy
 *fill*         0x0800a6d2        0x2 
 .text.nanf     0x0800a6d4        0x8 D:/ST/STM32CubeIDE_1.16.1/STM32CubeIDE/plugins/com.st.stm32cube.ide.mcu.externaltools.gnu-tools-for-stm32.12.3.rel1.win32_1.0.200.202406191623/tools/bin/../lib/gcc/arm-none-eabi/12.3.1/../../../../arm-none-eabi/lib/thumb/v7-m/nofp\libc_nano.a(libm_a-sf_nan.o)
                0x0800a6d4                nanf
 .text.quorem   0x0800a6dc      0x110 D:/ST/STM32CubeIDE_1.16.1/STM32CubeIDE/plugins/com.st.stm32cube.ide.mcu.externaltools.gnu-tools-for-stm32.12.3.rel1.win32_1.0.200.202406191623/tools/bin/../lib/gcc/arm-none-eabi/12.3.1/../../../../arm-none-eabi/lib/thumb/v7-m/nofp\libc_nano.a(libc_a-dtoa.o)
 *fill*         0x0800a7ec        0x4 
 .text._dtoa_r  0x0800a7f0      0xb90 D:/ST/STM32CubeIDE_1.16.1/STM32CubeIDE/plugins/com.st.stm32cube.ide.mcu.externaltools.gnu-tools-for-stm32.12.3.rel1.win32_1.0.200.202406191623/tools/bin/../lib/gcc/arm-none-eabi/12.3.1/../../../../arm-none-eabi/lib/thumb/v7-m/nofp\libc_nano.a(libc_a-dtoa.o)
                0x0800a7f0                _dtoa_r
 .text._free_r  0x0800b380       0x90 D:/ST/STM32CubeIDE_1.16.1/STM32CubeIDE/plugins/com.st.stm32cube.ide.mcu.externaltools.gnu-tools-for-stm32.12.3.rel1.win32_1.0.200.202406191623/tools/bin/../lib/gcc/arm-none-eabi/12.3.1/../../../../arm-none-eabi/lib/thumb/v7-m/nofp\libc_nano.a(libc_a-freer.o)
                0x0800b380                _free_r
 .text.malloc   0x0800b410       0x10 D:/ST/STM32CubeIDE_1.16.1/STM32CubeIDE/plugins/com.st.stm32cube.ide.mcu.externaltools.gnu-tools-for-stm32.12.3.rel1.win32_1.0.200.202406191623/tools/bin/../lib/gcc/arm-none-eabi/12.3.1/../../../../arm-none-eabi/lib/thumb/v7-m/nofp\libc_nano.a(libc_a-malloc.o)
                0x0800b410                malloc
 .text.sbrk_aligned
                0x0800b420       0x44 D:/ST/STM32CubeIDE_1.16.1/STM32CubeIDE/plugins/com.st.stm32cube.ide.mcu.externaltools.gnu-tools-for-stm32.12.3.rel1.win32_1.0.200.202406191623/tools/bin/../lib/gcc/arm-none-eabi/12.3.1/../../../../arm-none-eabi/lib/thumb/v7-m/nofp\libc_nano.a(libc_a-mallocr.o)
 .text._malloc_r
                0x0800b464      0x100 D:/ST/STM32CubeIDE_1.16.1/STM32CubeIDE/plugins/com.st.stm32cube.ide.mcu.externaltools.gnu-tools-for-stm32.12.3.rel1.win32_1.0.200.202406191623/tools/bin/../lib/gcc/arm-none-eabi/12.3.1/../../../../arm-none-eabi/lib/thumb/v7-m/nofp\libc_nano.a(libc_a-mallocr.o)
                0x0800b464                _malloc_r
 .text.__malloc_lock
                0x0800b564        0xc D:/ST/STM32CubeIDE_1.16.1/STM32CubeIDE/plugins/com.st.stm32cube.ide.mcu.externaltools.gnu-tools-for-stm32.12.3.rel1.win32_1.0.200.202406191623/tools/bin/../lib/gcc/arm-none-eabi/12.3.1/../../../../arm-none-eabi/lib/thumb/v7-m/nofp\libc_nano.a(libc_a-mlock.o)
                0x0800b564                __malloc_lock
 .text.__malloc_unlock
                0x0800b570        0xc D:/ST/STM32CubeIDE_1.16.1/STM32CubeIDE/plugins/com.st.stm32cube.ide.mcu.externaltools.gnu-tools-for-stm32.12.3.rel1.win32_1.0.200.202406191623/tools/bin/../lib/gcc/arm-none-eabi/12.3.1/../../../../arm-none-eabi/lib/thumb/v7-m/nofp\libc_nano.a(libc_a-mlock.o)
                0x0800b570                __malloc_unlock
 .text._Balloc  0x0800b57c       0x80 D:/ST/STM32CubeIDE_1.16.1/STM32CubeIDE/plugins/com.st.stm32cube.ide.mcu.externaltools.gnu-tools-for-stm32.12.3.rel1.win32_1.0.200.202406191623/tools/bin/../lib/gcc/arm-none-eabi/12.3.1/../../../../arm-none-eabi/lib/thumb/v7-m/nofp\libc_nano.a(libc_a-mprec.o)
                0x0800b57c                _Balloc
 .text._Bfree   0x0800b5fc       0x44 D:/ST/STM32CubeIDE_1.16.1/STM32CubeIDE/plugins/com.st.stm32cube.ide.mcu.externaltools.gnu-tools-for-stm32.12.3.rel1.win32_1.0.200.202406191623/tools/bin/../lib/gcc/arm-none-eabi/12.3.1/../../../../arm-none-eabi/lib/thumb/v7-m/nofp\libc_nano.a(libc_a-mprec.o)
                0x0800b5fc                _Bfree
 .text.__multadd
                0x0800b640       0x8c D:/ST/STM32CubeIDE_1.16.1/STM32CubeIDE/plugins/com.st.stm32cube.ide.mcu.externaltools.gnu-tools-for-stm32.12.3.rel1.win32_1.0.200.202406191623/tools/bin/../lib/gcc/arm-none-eabi/12.3.1/../../../../arm-none-eabi/lib/thumb/v7-m/nofp\libc_nano.a(libc_a-mprec.o)
                0x0800b640                __multadd
 .text.__s2b    0x0800b6cc       0x94 D:/ST/STM32CubeIDE_1.16.1/STM32CubeIDE/plugins/com.st.stm32cube.ide.mcu.externaltools.gnu-tools-for-stm32.12.3.rel1.win32_1.0.200.202406191623/tools/bin/../lib/gcc/arm-none-eabi/12.3.1/../../../../arm-none-eabi/lib/thumb/v7-m/nofp\libc_nano.a(libc_a-mprec.o)
                0x0800b6cc                __s2b
 .text.__hi0bits
                0x0800b760       0x3e D:/ST/STM32CubeIDE_1.16.1/STM32CubeIDE/plugins/com.st.stm32cube.ide.mcu.externaltools.gnu-tools-for-stm32.12.3.rel1.win32_1.0.200.202406191623/tools/bin/../lib/gcc/arm-none-eabi/12.3.1/../../../../arm-none-eabi/lib/thumb/v7-m/nofp\libc_nano.a(libc_a-mprec.o)
                0x0800b760                __hi0bits
 .text.__lo0bits
                0x0800b79e       0x5a D:/ST/STM32CubeIDE_1.16.1/STM32CubeIDE/plugins/com.st.stm32cube.ide.mcu.externaltools.gnu-tools-for-stm32.12.3.rel1.win32_1.0.200.202406191623/tools/bin/../lib/gcc/arm-none-eabi/12.3.1/../../../../arm-none-eabi/lib/thumb/v7-m/nofp\libc_nano.a(libc_a-mprec.o)
                0x0800b79e                __lo0bits
 .text.__i2b    0x0800b7f8       0x2c D:/ST/STM32CubeIDE_1.16.1/STM32CubeIDE/plugins/com.st.stm32cube.ide.mcu.externaltools.gnu-tools-for-stm32.12.3.rel1.win32_1.0.200.202406191623/tools/bin/../lib/gcc/arm-none-eabi/12.3.1/../../../../arm-none-eabi/lib/thumb/v7-m/nofp\libc_nano.a(libc_a-mprec.o)
                0x0800b7f8                __i2b
 .text.__multiply
                0x0800b824      0x150 D:/ST/STM32CubeIDE_1.16.1/STM32CubeIDE/plugins/com.st.stm32cube.ide.mcu.externaltools.gnu-tools-for-stm32.12.3.rel1.win32_1.0.200.202406191623/tools/bin/../lib/gcc/arm-none-eabi/12.3.1/../../../../arm-none-eabi/lib/thumb/v7-m/nofp\libc_nano.a(libc_a-mprec.o)
                0x0800b824                __multiply
 .text.__pow5mult
                0x0800b974       0xb4 D:/ST/STM32CubeIDE_1.16.1/STM32CubeIDE/plugins/com.st.stm32cube.ide.mcu.externaltools.gnu-tools-for-stm32.12.3.rel1.win32_1.0.200.202406191623/tools/bin/../lib/gcc/arm-none-eabi/12.3.1/../../../../arm-none-eabi/lib/thumb/v7-m/nofp\libc_nano.a(libc_a-mprec.o)
                0x0800b974                __pow5mult
 .text.__lshift
                0x0800ba28       0xd8 D:/ST/STM32CubeIDE_1.16.1/STM32CubeIDE/plugins/com.st.stm32cube.ide.mcu.externaltools.gnu-tools-for-stm32.12.3.rel1.win32_1.0.200.202406191623/tools/bin/../lib/gcc/arm-none-eabi/12.3.1/../../../../arm-none-eabi/lib/thumb/v7-m/nofp\libc_nano.a(libc_a-mprec.o)
                0x0800ba28                __lshift
 .text.__mcmp   0x0800bb00       0x36 D:/ST/STM32CubeIDE_1.16.1/STM32CubeIDE/plugins/com.st.stm32cube.ide.mcu.externaltools.gnu-tools-for-stm32.12.3.rel1.win32_1.0.200.202406191623/tools/bin/../lib/gcc/arm-none-eabi/12.3.1/../../../../arm-none-eabi/lib/thumb/v7-m/nofp\libc_nano.a(libc_a-mprec.o)
                0x0800bb00                __mcmp
 *fill*         0x0800bb36        0x2 
 .text.__mdiff  0x0800bb38      0x128 D:/ST/STM32CubeIDE_1.16.1/STM32CubeIDE/plugins/com.st.stm32cube.ide.mcu.externaltools.gnu-tools-for-stm32.12.3.rel1.win32_1.0.200.202406191623/tools/bin/../lib/gcc/arm-none-eabi/12.3.1/../../../../arm-none-eabi/lib/thumb/v7-m/nofp\libc_nano.a(libc_a-mprec.o)
                0x0800bb38                __mdiff
 .text.__ulp    0x0800bc60       0x40 D:/ST/STM32CubeIDE_1.16.1/STM32CubeIDE/plugins/com.st.stm32cube.ide.mcu.externaltools.gnu-tools-for-stm32.12.3.rel1.win32_1.0.200.202406191623/tools/bin/../lib/gcc/arm-none-eabi/12.3.1/../../../../arm-none-eabi/lib/thumb/v7-m/nofp\libc_nano.a(libc_a-mprec.o)
                0x0800bc60                __ulp
 .text.__b2d    0x0800bca0       0x90 D:/ST/STM32CubeIDE_1.16.1/STM32CubeIDE/plugins/com.st.stm32cube.ide.mcu.externaltools.gnu-tools-for-stm32.12.3.rel1.win32_1.0.200.202406191623/tools/bin/../lib/gcc/arm-none-eabi/12.3.1/../../../../arm-none-eabi/lib/thumb/v7-m/nofp\libc_nano.a(libc_a-mprec.o)
                0x0800bca0                __b2d
 .text.__d2b    0x0800bd30       0xb0 D:/ST/STM32CubeIDE_1.16.1/STM32CubeIDE/plugins/com.st.stm32cube.ide.mcu.externaltools.gnu-tools-for-stm32.12.3.rel1.win32_1.0.200.202406191623/tools/bin/../lib/gcc/arm-none-eabi/12.3.1/../../../../arm-none-eabi/lib/thumb/v7-m/nofp\libc_nano.a(libc_a-mprec.o)
                0x0800bd30                __d2b
 .text.__ratio  0x0800bde0       0x60 D:/ST/STM32CubeIDE_1.16.1/STM32CubeIDE/plugins/com.st.stm32cube.ide.mcu.externaltools.gnu-tools-for-stm32.12.3.rel1.win32_1.0.200.202406191623/tools/bin/../lib/gcc/arm-none-eabi/12.3.1/../../../../arm-none-eabi/lib/thumb/v7-m/nofp\libc_nano.a(libc_a-mprec.o)
                0x0800bde0                __ratio
 .text.__copybits
                0x0800be40       0x46 D:/ST/STM32CubeIDE_1.16.1/STM32CubeIDE/plugins/com.st.stm32cube.ide.mcu.externaltools.gnu-tools-for-stm32.12.3.rel1.win32_1.0.200.202406191623/tools/bin/../lib/gcc/arm-none-eabi/12.3.1/../../../../arm-none-eabi/lib/thumb/v7-m/nofp\libc_nano.a(libc_a-mprec.o)
                0x0800be40                __copybits
 .text.__any_on
                0x0800be86       0x42 D:/ST/STM32CubeIDE_1.16.1/STM32CubeIDE/plugins/com.st.stm32cube.ide.mcu.externaltools.gnu-tools-for-stm32.12.3.rel1.win32_1.0.200.202406191623/tools/bin/../lib/gcc/arm-none-eabi/12.3.1/../../../../arm-none-eabi/lib/thumb/v7-m/nofp\libc_nano.a(libc_a-mprec.o)
                0x0800be86                __any_on
 .text.sulp     0x0800bec8       0x42 D:/ST/STM32CubeIDE_1.16.1/STM32CubeIDE/plugins/com.st.stm32cube.ide.mcu.externaltools.gnu-tools-for-stm32.12.3.rel1.win32_1.0.200.202406191623/tools/bin/../lib/gcc/arm-none-eabi/12.3.1/../../../../arm-none-eabi/lib/thumb/v7-m/nofp\libc_nano.a(libc_a-strtod.o)
 *fill*         0x0800bf0a        0x6 
 .text._strtod_l
                0x0800bf10      0xbb0 D:/ST/STM32CubeIDE_1.16.1/STM32CubeIDE/plugins/com.st.stm32cube.ide.mcu.externaltools.gnu-tools-for-stm32.12.3.rel1.win32_1.0.200.202406191623/tools/bin/../lib/gcc/arm-none-eabi/12.3.1/../../../../arm-none-eabi/lib/thumb/v7-m/nofp\libc_nano.a(libc_a-strtod.o)
                0x0800bf10                _strtod_l
 .text._strtod_r
                0x0800cac0        0xc D:/ST/STM32CubeIDE_1.16.1/STM32CubeIDE/plugins/com.st.stm32cube.ide.mcu.externaltools.gnu-tools-for-stm32.12.3.rel1.win32_1.0.200.202406191623/tools/bin/../lib/gcc/arm-none-eabi/12.3.1/../../../../arm-none-eabi/lib/thumb/v7-m/nofp\libc_nano.a(libc_a-strtod.o)
                0x0800cac0                _strtod_r
 .text._strtol_l.constprop.0
                0x0800cacc       0xf4 D:/ST/STM32CubeIDE_1.16.1/STM32CubeIDE/plugins/com.st.stm32cube.ide.mcu.externaltools.gnu-tools-for-stm32.12.3.rel1.win32_1.0.200.202406191623/tools/bin/../lib/gcc/arm-none-eabi/12.3.1/../../../../arm-none-eabi/lib/thumb/v7-m/nofp\libc_nano.a(libc_a-strtol.o)
 .text._strtol_r
                0x0800cbc0        0x4 D:/ST/STM32CubeIDE_1.16.1/STM32CubeIDE/plugins/com.st.stm32cube.ide.mcu.externaltools.gnu-tools-for-stm32.12.3.rel1.win32_1.0.200.202406191623/tools/bin/../lib/gcc/arm-none-eabi/12.3.1/../../../../arm-none-eabi/lib/thumb/v7-m/nofp\libc_nano.a(libc_a-strtol.o)
                0x0800cbc0                _strtol_r
 .text.__ssputs_r
                0x0800cbc4       0xb6 D:/ST/STM32CubeIDE_1.16.1/STM32CubeIDE/plugins/com.st.stm32cube.ide.mcu.externaltools.gnu-tools-for-stm32.12.3.rel1.win32_1.0.200.202406191623/tools/bin/../lib/gcc/arm-none-eabi/12.3.1/../../../../arm-none-eabi/lib/thumb/v7-m/nofp\libc_nano.a(libc_a-nano-svfprintf.o)
                0x0800cbc4                __ssputs_r
 *fill*         0x0800cc7a        0x2 
 .text._svfprintf_r
                0x0800cc7c      0x1f8 D:/ST/STM32CubeIDE_1.16.1/STM32CubeIDE/plugins/com.st.stm32cube.ide.mcu.externaltools.gnu-tools-for-stm32.12.3.rel1.win32_1.0.200.202406191623/tools/bin/../lib/gcc/arm-none-eabi/12.3.1/../../../../arm-none-eabi/lib/thumb/v7-m/nofp\libc_nano.a(libc_a-nano-svfprintf.o)
                0x0800cc7c                _svfiprintf_r
                0x0800cc7c                _svfprintf_r
 .text.__sfputc_r
                0x0800ce74       0x2a D:/ST/STM32CubeIDE_1.16.1/STM32CubeIDE/plugins/com.st.stm32cube.ide.mcu.externaltools.gnu-tools-for-stm32.12.3.rel1.win32_1.0.200.202406191623/tools/bin/../lib/gcc/arm-none-eabi/12.3.1/../../../../arm-none-eabi/lib/thumb/v7-m/nofp\libc_nano.a(libc_a-nano-vfprintf.o)
 .text.__sfputs_r
                0x0800ce9e       0x24 D:/ST/STM32CubeIDE_1.16.1/STM32CubeIDE/plugins/com.st.stm32cube.ide.mcu.externaltools.gnu-tools-for-stm32.12.3.rel1.win32_1.0.200.202406191623/tools/bin/../lib/gcc/arm-none-eabi/12.3.1/../../../../arm-none-eabi/lib/thumb/v7-m/nofp\libc_nano.a(libc_a-nano-vfprintf.o)
                0x0800ce9e                __sfputs_r
 *fill*         0x0800cec2        0x2 
 .text._vfprintf_r
                0x0800cec4      0x230 D:/ST/STM32CubeIDE_1.16.1/STM32CubeIDE/plugins/com.st.stm32cube.ide.mcu.externaltools.gnu-tools-for-stm32.12.3.rel1.win32_1.0.200.202406191623/tools/bin/../lib/gcc/arm-none-eabi/12.3.1/../../../../arm-none-eabi/lib/thumb/v7-m/nofp\libc_nano.a(libc_a-nano-vfprintf.o)
                0x0800cec4                _vfprintf_r
                0x0800cec4                _vfiprintf_r
 .text.__sflush_r
                0x0800d0f4      0x100 D:/ST/STM32CubeIDE_1.16.1/STM32CubeIDE/plugins/com.st.stm32cube.ide.mcu.externaltools.gnu-tools-for-stm32.12.3.rel1.win32_1.0.200.202406191623/tools/bin/../lib/gcc/arm-none-eabi/12.3.1/../../../../arm-none-eabi/lib/thumb/v7-m/nofp\libc_nano.a(libc_a-fflush.o)
                0x0800d0f4                __sflush_r
 .text._fflush_r
                0x0800d1f4       0x50 D:/ST/STM32CubeIDE_1.16.1/STM32CubeIDE/plugins/com.st.stm32cube.ide.mcu.externaltools.gnu-tools-for-stm32.12.3.rel1.win32_1.0.200.202406191623/tools/bin/../lib/gcc/arm-none-eabi/12.3.1/../../../../arm-none-eabi/lib/thumb/v7-m/nofp\libc_nano.a(libc_a-fflush.o)
                0x0800d1f4                _fflush_r
 .text.__swhatbuf_r
                0x0800d244       0x4a D:/ST/STM32CubeIDE_1.16.1/STM32CubeIDE/plugins/com.st.stm32cube.ide.mcu.externaltools.gnu-tools-for-stm32.12.3.rel1.win32_1.0.200.202406191623/tools/bin/../lib/gcc/arm-none-eabi/12.3.1/../../../../arm-none-eabi/lib/thumb/v7-m/nofp\libc_nano.a(libc_a-makebuf.o)
                0x0800d244                __swhatbuf_r
 .text.__smakebuf_r
                0x0800d28e       0x78 D:/ST/STM32CubeIDE_1.16.1/STM32CubeIDE/plugins/com.st.stm32cube.ide.mcu.externaltools.gnu-tools-for-stm32.12.3.rel1.win32_1.0.200.202406191623/tools/bin/../lib/gcc/arm-none-eabi/12.3.1/../../../../arm-none-eabi/lib/thumb/v7-m/nofp\libc_nano.a(libc_a-makebuf.o)
                0x0800d28e                __smakebuf_r
 .text.memmove  0x0800d306       0x34 D:/ST/STM32CubeIDE_1.16.1/STM32CubeIDE/plugins/com.st.stm32cube.ide.mcu.externaltools.gnu-tools-for-stm32.12.3.rel1.win32_1.0.200.202406191623/tools/bin/../lib/gcc/arm-none-eabi/12.3.1/../../../../arm-none-eabi/lib/thumb/v7-m/nofp\libc_nano.a(libc_a-memmove.o)
                0x0800d306                memmove
 .text.strncmp  0x0800d33a       0x24 D:/ST/STM32CubeIDE_1.16.1/STM32CubeIDE/plugins/com.st.stm32cube.ide.mcu.externaltools.gnu-tools-for-stm32.12.3.rel1.win32_1.0.200.202406191623/tools/bin/../lib/gcc/arm-none-eabi/12.3.1/../../../../arm-none-eabi/lib/thumb/v7-m/nofp\libc_nano.a(libc_a-strncmp.o)
                0x0800d33a                strncmp
 *fill*         0x0800d35e        0x2 
 .text._fstat_r
                0x0800d360       0x24 D:/ST/STM32CubeIDE_1.16.1/STM32CubeIDE/plugins/com.st.stm32cube.ide.mcu.externaltools.gnu-tools-for-stm32.12.3.rel1.win32_1.0.200.202406191623/tools/bin/../lib/gcc/arm-none-eabi/12.3.1/../../../../arm-none-eabi/lib/thumb/v7-m/nofp\libc_nano.a(libc_a-fstatr.o)
                0x0800d360                _fstat_r
 .text._isatty_r
                0x0800d384       0x20 D:/ST/STM32CubeIDE_1.16.1/STM32CubeIDE/plugins/com.st.stm32cube.ide.mcu.externaltools.gnu-tools-for-stm32.12.3.rel1.win32_1.0.200.202406191623/tools/bin/../lib/gcc/arm-none-eabi/12.3.1/../../../../arm-none-eabi/lib/thumb/v7-m/nofp\libc_nano.a(libc_a-isattyr.o)
                0x0800d384                _isatty_r
 .text._sbrk_r  0x0800d3a4       0x20 D:/ST/STM32CubeIDE_1.16.1/STM32CubeIDE/plugins/com.st.stm32cube.ide.mcu.externaltools.gnu-tools-for-stm32.12.3.rel1.win32_1.0.200.202406191623/tools/bin/../lib/gcc/arm-none-eabi/12.3.1/../../../../arm-none-eabi/lib/thumb/v7-m/nofp\libc_nano.a(libc_a-sbrkr.o)
                0x0800d3a4                _sbrk_r
 .text.nan      0x0800d3c4        0xc D:/ST/STM32CubeIDE_1.16.1/STM32CubeIDE/plugins/com.st.stm32cube.ide.mcu.externaltools.gnu-tools-for-stm32.12.3.rel1.win32_1.0.200.202406191623/tools/bin/../lib/gcc/arm-none-eabi/12.3.1/../../../../arm-none-eabi/lib/thumb/v7-m/nofp\libc_nano.a(libm_a-s_nan.o)
                0x0800d3c4                nan
 .text.__assert_func
                0x0800d3d0       0x3c D:/ST/STM32CubeIDE_1.16.1/STM32CubeIDE/plugins/com.st.stm32cube.ide.mcu.externaltools.gnu-tools-for-stm32.12.3.rel1.win32_1.0.200.202406191623/tools/bin/../lib/gcc/arm-none-eabi/12.3.1/../../../../arm-none-eabi/lib/thumb/v7-m/nofp\libc_nano.a(libc_a-assert.o)
                0x0800d3d0                __assert_func
 .text._calloc_r
                0x0800d40c       0x28 D:/ST/STM32CubeIDE_1.16.1/STM32CubeIDE/plugins/com.st.stm32cube.ide.mcu.externaltools.gnu-tools-for-stm32.12.3.rel1.win32_1.0.200.202406191623/tools/bin/../lib/gcc/arm-none-eabi/12.3.1/../../../../arm-none-eabi/lib/thumb/v7-m/nofp\libc_nano.a(libc_a-callocr.o)
                0x0800d40c                _calloc_r
 .text.rshift   0x0800d434       0xa6 D:/ST/STM32CubeIDE_1.16.1/STM32CubeIDE/plugins/com.st.stm32cube.ide.mcu.externaltools.gnu-tools-for-stm32.12.3.rel1.win32_1.0.200.202406191623/tools/bin/../lib/gcc/arm-none-eabi/12.3.1/../../../../arm-none-eabi/lib/thumb/v7-m/nofp\libc_nano.a(libc_a-gdtoa-gethex.o)
 .text.__hexdig_fun
                0x0800d4da       0x2a D:/ST/STM32CubeIDE_1.16.1/STM32CubeIDE/plugins/com.st.stm32cube.ide.mcu.externaltools.gnu-tools-for-stm32.12.3.rel1.win32_1.0.200.202406191623/tools/bin/../lib/gcc/arm-none-eabi/12.3.1/../../../../arm-none-eabi/lib/thumb/v7-m/nofp\libc_nano.a(libc_a-gdtoa-gethex.o)
                0x0800d4da                __hexdig_fun
 .text.__gethex
                0x0800d504      0x420 D:/ST/STM32CubeIDE_1.16.1/STM32CubeIDE/plugins/com.st.stm32cube.ide.mcu.externaltools.gnu-tools-for-stm32.12.3.rel1.win32_1.0.200.202406191623/tools/bin/../lib/gcc/arm-none-eabi/12.3.1/../../../../arm-none-eabi/lib/thumb/v7-m/nofp\libc_nano.a(libc_a-gdtoa-gethex.o)
                0x0800d504                __gethex
 .text.L_shift  0x0800d924       0x24 D:/ST/STM32CubeIDE_1.16.1/STM32CubeIDE/plugins/com.st.stm32cube.ide.mcu.externaltools.gnu-tools-for-stm32.12.3.rel1.win32_1.0.200.202406191623/tools/bin/../lib/gcc/arm-none-eabi/12.3.1/../../../../arm-none-eabi/lib/thumb/v7-m/nofp\libc_nano.a(libc_a-gdtoa-hexnan.o)
 .text.__match  0x0800d948       0x28 D:/ST/STM32CubeIDE_1.16.1/STM32CubeIDE/plugins/com.st.stm32cube.ide.mcu.externaltools.gnu-tools-for-stm32.12.3.rel1.win32_1.0.200.202406191623/tools/bin/../lib/gcc/arm-none-eabi/12.3.1/../../../../arm-none-eabi/lib/thumb/v7-m/nofp\libc_nano.a(libc_a-gdtoa-hexnan.o)
                0x0800d948                __match
 .text.__hexnan
                0x0800d970      0x136 D:/ST/STM32CubeIDE_1.16.1/STM32CubeIDE/plugins/com.st.stm32cube.ide.mcu.externaltools.gnu-tools-for-stm32.12.3.rel1.win32_1.0.200.202406191623/tools/bin/../lib/gcc/arm-none-eabi/12.3.1/../../../../arm-none-eabi/lib/thumb/v7-m/nofp\libc_nano.a(libc_a-gdtoa-hexnan.o)
                0x0800d970                __hexnan
 .text.__ascii_mbtowc
                0x0800daa6       0x24 D:/ST/STM32CubeIDE_1.16.1/STM32CubeIDE/plugins/com.st.stm32cube.ide.mcu.externaltools.gnu-tools-for-stm32.12.3.rel1.win32_1.0.200.202406191623/tools/bin/../lib/gcc/arm-none-eabi/12.3.1/../../../../arm-none-eabi/lib/thumb/v7-m/nofp\libc_nano.a(libc_a-mbtowc_r.o)
                0x0800daa6                __ascii_mbtowc
 .text._realloc_r
                0x0800daca       0x5c D:/ST/STM32CubeIDE_1.16.1/STM32CubeIDE/plugins/com.st.stm32cube.ide.mcu.externaltools.gnu-tools-for-stm32.12.3.rel1.win32_1.0.200.202406191623/tools/bin/../lib/gcc/arm-none-eabi/12.3.1/../../../../arm-none-eabi/lib/thumb/v7-m/nofp\libc_nano.a(libc_a-reallocr.o)
                0x0800daca                _realloc_r
 .text.__ascii_wctomb
                0x0800db26       0x1a D:/ST/STM32CubeIDE_1.16.1/STM32CubeIDE/plugins/com.st.stm32cube.ide.mcu.externaltools.gnu-tools-for-stm32.12.3.rel1.win32_1.0.200.202406191623/tools/bin/../lib/gcc/arm-none-eabi/12.3.1/../../../../arm-none-eabi/lib/thumb/v7-m/nofp\libc_nano.a(libc_a-wctomb_r.o)
                0x0800db26                __ascii_wctomb
 .text.fprintf  0x0800db40       0x24 D:/ST/STM32CubeIDE_1.16.1/STM32CubeIDE/plugins/com.st.stm32cube.ide.mcu.externaltools.gnu-tools-for-stm32.12.3.rel1.win32_1.0.200.202406191623/tools/bin/../lib/gcc/arm-none-eabi/12.3.1/../../../../arm-none-eabi/lib/thumb/v7-m/nofp\libc_nano.a(libc_a-fprintf.o)
                0x0800db40                fiprintf
                0x0800db40                fprintf
 .text.abort    0x0800db64        0xe D:/ST/STM32CubeIDE_1.16.1/STM32CubeIDE/plugins/com.st.stm32cube.ide.mcu.externaltools.gnu-tools-for-stm32.12.3.rel1.win32_1.0.200.202406191623/tools/bin/../lib/gcc/arm-none-eabi/12.3.1/../../../../arm-none-eabi/lib/thumb/v7-m/nofp\libc_nano.a(libc_a-abort.o)
                0x0800db64                abort
 .text._malloc_usable_size_r
                0x0800db72       0x10 D:/ST/STM32CubeIDE_1.16.1/STM32CubeIDE/plugins/com.st.stm32cube.ide.mcu.externaltools.gnu-tools-for-stm32.12.3.rel1.win32_1.0.200.202406191623/tools/bin/../lib/gcc/arm-none-eabi/12.3.1/../../../../arm-none-eabi/lib/thumb/v7-m/nofp\libc_nano.a(libc_a-msizer.o)
                0x0800db72                _malloc_usable_size_r
 .text._raise_r
                0x0800db82       0x50 D:/ST/STM32CubeIDE_1.16.1/STM32CubeIDE/plugins/com.st.stm32cube.ide.mcu.externaltools.gnu-tools-for-stm32.12.3.rel1.win32_1.0.200.202406191623/tools/bin/../lib/gcc/arm-none-eabi/12.3.1/../../../../arm-none-eabi/lib/thumb/v7-m/nofp\libc_nano.a(libc_a-signal.o)
                0x0800db82                _raise_r
 *fill*         0x0800dbd2        0x2 
 .text.raise    0x0800dbd4       0x10 D:/ST/STM32CubeIDE_1.16.1/STM32CubeIDE/plugins/com.st.stm32cube.ide.mcu.externaltools.gnu-tools-for-stm32.12.3.rel1.win32_1.0.200.202406191623/tools/bin/../lib/gcc/arm-none-eabi/12.3.1/../../../../arm-none-eabi/lib/thumb/v7-m/nofp\libc_nano.a(libc_a-signal.o)
                0x0800dbd4                raise
 .text._kill_r  0x0800dbe4       0x24 D:/ST/STM32CubeIDE_1.16.1/STM32CubeIDE/plugins/com.st.stm32cube.ide.mcu.externaltools.gnu-tools-for-stm32.12.3.rel1.win32_1.0.200.202406191623/tools/bin/../lib/gcc/arm-none-eabi/12.3.1/../../../../arm-none-eabi/lib/thumb/v7-m/nofp\libc_nano.a(libc_a-signalr.o)
                0x0800dbe4                _kill_r
 .text._getpid_r
                0x0800dc08        0x4 D:/ST/STM32CubeIDE_1.16.1/STM32CubeIDE/plugins/com.st.stm32cube.ide.mcu.externaltools.gnu-tools-for-stm32.12.3.rel1.win32_1.0.200.202406191623/tools/bin/../lib/gcc/arm-none-eabi/12.3.1/../../../../arm-none-eabi/lib/thumb/v7-m/nofp\libc_nano.a(libc_a-signalr.o)
                0x0800dc08                _getpid_r
 *(.glue_7)
 .glue_7        0x0800dc0c        0x0 linker stubs
 *(.glue_7t)
 .glue_7t       0x0800dc0c        0x0 linker stubs
 *(.eh_frame)
 .eh_frame      0x0800dc0c        0x0 D:/ST/STM32CubeIDE_1.16.1/STM32CubeIDE/plugins/com.st.stm32cube.ide.mcu.externaltools.gnu-tools-for-stm32.12.3.rel1.win32_1.0.200.202406191623/tools/bin/../lib/gcc/arm-none-eabi/12.3.1/thumb/v7-m/nofp/crtbegin.o
 *(.init)
 .init          0x0800dc0c        0x4 D:/ST/STM32CubeIDE_1.16.1/STM32CubeIDE/plugins/com.st.stm32cube.ide.mcu.externaltools.gnu-tools-for-stm32.12.3.rel1.win32_1.0.200.202406191623/tools/bin/../lib/gcc/arm-none-eabi/12.3.1/thumb/v7-m/nofp/crti.o
                0x0800dc0c                _init
 .init          0x0800dc10        0x8 D:/ST/STM32CubeIDE_1.16.1/STM32CubeIDE/plugins/com.st.stm32cube.ide.mcu.externaltools.gnu-tools-for-stm32.12.3.rel1.win32_1.0.200.202406191623/tools/bin/../lib/gcc/arm-none-eabi/12.3.1/thumb/v7-m/nofp/crtn.o
 *(.fini)
 .fini          0x0800dc18        0x4 D:/ST/STM32CubeIDE_1.16.1/STM32CubeIDE/plugins/com.st.stm32cube.ide.mcu.externaltools.gnu-tools-for-stm32.12.3.rel1.win32_1.0.200.202406191623/tools/bin/../lib/gcc/arm-none-eabi/12.3.1/thumb/v7-m/nofp/crti.o
                0x0800dc18                _fini
 .fini          0x0800dc1c        0x8 D:/ST/STM32CubeIDE_1.16.1/STM32CubeIDE/plugins/com.st.stm32cube.ide.mcu.externaltools.gnu-tools-for-stm32.12.3.rel1.win32_1.0.200.202406191623/tools/bin/../lib/gcc/arm-none-eabi/12.3.1/thumb/v7-m/nofp/crtn.o
                0x0800dc24                        . = ALIGN (0x4)
                0x0800dc24                        _etext = .

.vfp11_veneer   0x0800dc24        0x0
 .vfp11_veneer  0x0800dc24        0x0 linker stubs

.v4_bx          0x0800dc24        0x0
 .v4_bx         0x0800dc24        0x0 linker stubs

.iplt           0x0800dc24        0x0
 .iplt          0x0800dc24        0x0 D:/ST/STM32CubeIDE_1.16.1/STM32CubeIDE/plugins/com.st.stm32cube.ide.mcu.externaltools.gnu-tools-for-stm32.12.3.rel1.win32_1.0.200.202406191623/tools/bin/../lib/gcc/arm-none-eabi/12.3.1/thumb/v7-m/nofp/crtbegin.o

.rodata         0x0800dc28     0x4650
                0x0800dc28                        . = ALIGN (0x4)
 *(.rodata)
 .rodata        0x0800dc28       0x79 ./Core/Src/freertos.o
 *fill*         0x0800dca1        0x3 
 .rodata        0x0800dca4       0x10 ./Libraries/mytasks/task_init.o
 .rodata        0x0800dcb4       0x3b ./Libraries/mytasks/task_read.o
 *fill*         0x0800dcef        0x1 
 .rodata        0x0800dcf0       0x2f ./Libraries/mytasks/task_run.o
 *fill*         0x0800dd1f        0x1 
 .rodata        0x0800dd20       0x25 ./Libraries/mytasks/task_show.o
 *fill*         0x0800dd45        0x3 
 .rodata        0x0800dd48        0x5 ./Middlewares/Third_Party/FreeRTOS/Source/tasks.o
 *fill*         0x0800dd4d        0x3 
 .rodata        0x0800dd50        0xd ./Middlewares/Third_Party/FreeRTOS/Source/timers.o
 *(.rodata*)
 *fill*         0x0800dd5d        0x3 
 .rodata.TASK_INIT_attributes
                0x0800dd60       0x24 ./Core/Src/freertos.o
                0x0800dd60                TASK_INIT_attributes
 .rodata.TASK_SHOW_attributes
                0x0800dd84       0x24 ./Core/Src/freertos.o
                0x0800dd84                TASK_SHOW_attributes
 .rodata.TASK_RUN_attributes
                0x0800dda8       0x24 ./Core/Src/freertos.o
                0x0800dda8                TASK_RUN_attributes